<html>
<body>
<pre>
<h1>µVision Build Log</h1>
<h2>Project:</h2>
C:\Users\Administrator\Desktop\STM32_Demo\projects\test\mdk\lcd_test.uvproj
Project File Date:  03/12/2014

<h2>Output:</h2>
Build target 'lcd_test'
compiling test_lcd.c...
linking...
Program Size: Code=3752 RO-data=424 RW-data=36 ZI-data=1636  
"lcd_test.axf" - 0 Error(s), 0 Warning(s).
Build target 'lcd_test'
assembling startup_stm32f4xx.s...
linking...
Program Size: Code=3752 RO-data=424 RW-data=36 ZI-data=1636  
"lcd_test.axf" - 0 Error(s), 0 Warning(s).
Build target 'lcd_test'
compiling test_lcd.c...
compiling stm32f4xx_it.c...
compiling misc.c...
compiling stm32f4xx_crc.c...
compiling stm32f4xx_gpio.c...
compiling stm32f4xx_i2c.c...
compiling stm32f4xx_rcc.c...
compiling stm32f4xx_rtc.c...
compiling stm32f4xx_syscfg.c...
compiling stm32f4xx_usart.c...
compiling stm32f4xx_wwdg.c...
compiling stm32f4xx_tim.c...
compiling stm32f4xx_sdio.c...
compiling stm32f4xx_rng.c...
compiling stm32f4xx_adc.c...
compiling stm32f4xx_can.c...
compiling stm32f4xx_cryp.c...
compiling stm32f4xx_cryp_aes.c...
compiling stm32f4xx_cryp_des.c...
compiling stm32f4xx_cryp_tdes.c...
compiling stm32f4xx_dac.c...
compiling stm32f4xx_dbgmcu.c...
compiling stm32f4xx_dcmi.c...
compiling stm32f4xx_dma.c...
compiling stm32f4xx_exti.c...
compiling stm32f4xx_flash.c...
compiling stm32f4xx_fsmc.c...
compiling stm32f4xx_hash.c...
compiling stm32f4xx_hash_md5.c...
compiling stm32f4xx_hash_sha1.c...
compiling stm32f4xx_spi.c...
assembling startup_stm32f4xx.s...
compiling system_stm32f4xx.c...
linking...
Program Size: Code=3752 RO-data=424 RW-data=36 ZI-data=1636  
"lcd_test.axf" - 0 Error(s), 0 Warning(s).
Build target 'lcd_test'
compiling test_lcd.c...
compiling stm32f4xx_it.c...
compiling misc.c...
compiling stm32f4xx_crc.c...
compiling stm32f4xx_gpio.c...
compiling stm32f4xx_i2c.c...
compiling stm32f4xx_rcc.c...
compiling stm32f4xx_rtc.c...
compiling stm32f4xx_syscfg.c...
compiling stm32f4xx_usart.c...
compiling stm32f4xx_wwdg.c...
compiling stm32f4xx_tim.c...
compiling stm32f4xx_sdio.c...
compiling stm32f4xx_rng.c...
compiling stm32f4xx_adc.c...
compiling stm32f4xx_can.c...
compiling stm32f4xx_cryp.c...
compiling stm32f4xx_cryp_aes.c...
compiling stm32f4xx_cryp_des.c...
compiling stm32f4xx_cryp_tdes.c...
compiling stm32f4xx_dac.c...
compiling stm32f4xx_dbgmcu.c...
compiling stm32f4xx_dcmi.c...
compiling stm32f4xx_dma.c...
compiling stm32f4xx_exti.c...
compiling stm32f4xx_flash.c...
compiling stm32f4xx_fsmc.c...
compiling stm32f4xx_hash.c...
compiling stm32f4xx_hash_md5.c...
compiling stm32f4xx_hash_sha1.c...
compiling stm32f4xx_spi.c...
assembling startup_stm32f4xx.s...
compiling system_stm32f4xx.c...
linking...
Program Size: Code=3752 RO-data=424 RW-data=36 ZI-data=1636  
".\debug\lcd_test.axf" - 0 Error(s), 0 Warning(s).
