<html>
<body>
<pre>
<h1>µVision Build Log</h1>
<h2>Project:</h2>
C:\Users\jackey\Documents\GitHub\STM32_DGUS\STM32_Demo\projects\test\mdk\lcd_test.uvproj
Project File Date:  03/23/2014

<h2>Output:</h2>
Build target 'lcd_test'
compiling uart3.c...
compiling serialscreen.c...
..\..\..\utilities\serialscreen\serialscreen.c(147): warning:  #550-D: variable "RegisterAdress" was set but never used
..\..\..\utilities\serialscreen\serialscreen.c(148): warning:  #550-D: variable "VariableAdress" was set but never used
..\..\..\utilities\serialscreen\serialscreen.c(150): warning:  #550-D: variable "RegisterData" was set but never used
..\..\..\utilities\serialscreen\serialscreen.c(151): warning:  #550-D: variable "VariableData" was set but never used
linking...
Program Size: Code=4988 RO-data=424 RW-data=48 ZI-data=1664  
".\debug\lcd_test.axf" - 0 Error(s), 4 Warning(s).
Build target 'lcd_test'
linking...
Program Size: Code=4988 RO-data=424 RW-data=48 ZI-data=1664  
".\debug\lcd_test.axf" - 0 Error(s), 0 Warning(s).
Build target 'lcd_test'
linking...
Program Size: Code=4988 RO-data=424 RW-data=48 ZI-data=1664  
".\debug\lcd_test.axf" - 0 Error(s), 0 Warning(s).
Build target 'lcd_test'
compiling test_lcd.c...
compiling stm32f4xx_it.c...
compiling uart3.c...
compiling serialscreen.c...
..\..\..\utilities\serialscreen\serialscreen.c(147): warning:  #550-D: variable "RegisterAdress" was set but never used
..\..\..\utilities\serialscreen\serialscreen.c(148): warning:  #550-D: variable "VariableAdress" was set but never used
..\..\..\utilities\serialscreen\serialscreen.c(150): warning:  #550-D: variable "RegisterData" was set but never used
..\..\..\utilities\serialscreen\serialscreen.c(151): warning:  #550-D: variable "VariableData" was set but never used
compiling MMC_SD.C...
compiling sd.c...
..\..\..\utilities\sd\sd.c(297): warning:  #167-D: argument of type "unsigned char *" is incompatible with parameter of type "const TCHAR *"
..\..\..\utilities\sd\sd.c(354): warning:  #117-D: non-void function "Fread" should return a value
..\..\..\utilities\sd\sd.c(361): warning:  #167-D: argument of type "unsigned char *" is incompatible with parameter of type "const TCHAR *"
..\..\..\utilities\sd\sd.c(345): warning:  #550-D: variable "Lenght" was set but never used
..\..\..\utilities\sd\sd.c(575): warning:  #167-D: argument of type "unsigned char *" is incompatible with parameter of type "const TCHAR *"
compiling rtc.c...
compiling hyperterminal.c...
compiling diskio.c...
compiling ff.c...
..\..\..\filesys\ff\src\ff.c(1645): warning:  #111-D: statement is unreachable
compiling ccsbcs.c...
compiling misc.c...
compiling stm32f4xx_crc.c...
compiling stm32f4xx_gpio.c...
compiling stm32f4xx_i2c.c...
compiling stm32f4xx_rcc.c...
compiling stm32f4xx_rtc.c...
compiling stm32f4xx_syscfg.c...
compiling stm32f4xx_usart.c...
compiling stm32f4xx_wwdg.c...
compiling stm32f4xx_tim.c...
compiling stm32f4xx_sdio.c...
compiling stm32f4xx_rng.c...
compiling stm32f4xx_adc.c...
compiling stm32f4xx_can.c...
compiling stm32f4xx_cryp.c...
compiling stm32f4xx_cryp_aes.c...
compiling stm32f4xx_cryp_des.c...
compiling stm32f4xx_cryp_tdes.c...
compiling stm32f4xx_dac.c...
compiling stm32f4xx_dbgmcu.c...
compiling stm32f4xx_dcmi.c...
compiling stm32f4xx_dma.c...
compiling stm32f4xx_exti.c...
compiling stm32f4xx_flash.c...
compiling stm32f4xx_fsmc.c...
compiling stm32f4xx_hash.c...
compiling stm32f4xx_hash_md5.c...
compiling stm32f4xx_hash_sha1.c...
compiling stm32f4xx_spi.c...
compiling stm32f4xx_pwr.c...
assembling startup_stm32f4xx.s...
compiling system_stm32f4xx.c...
linking...
Program Size: Code=4760 RO-data=424 RW-data=48 ZI-data=1056  
".\debug\lcd_test.axf" - 0 Error(s), 10 Warning(s).
Load "C:\\Users\\jackey\\Documents\\GitHub\\STM32_DGUS\\STM32_Demo\\projects\\test\\mdk\\debug\\lcd_test.AXF" 
Set JLink Project File to "C:\Users\jackey\Documents\GitHub\STM32_DGUS\STM32_Demo\projects\test\mdk\JLinkSettings.ini"
 
JLink info:
------------
DLL: V4.35b, compiled Sep  2 2011 18:34:46
Firmware: J-Link ARM V8 compiled Nov 14 2012 22:34:52
Hardware: V8.00
S/N : 58009527 
Feature(s) : RDI,FlashDL,FlashBP,JFlash,GDBFULL 
 
* JLink Info: TotalIRLen = 9, IRPrint = 0x0011
* JLink Info: Found Cortex-M4 r0p1, Little endian.
* JLink Info: TPIU fitted.
* JLink Info: ETM fitted.
* JLink Info:   FPUnit: 6 code (BP) slots and 2 literal slots
ROMTableAddr = 0xE00FF003
* JLink Info: TotalIRLen = 9, IRPrint = 0x0011
* JLink Info: Found Cortex-M4 r0p1, Little endian.
* JLink Info: TPIU fitted.
* JLink Info: ETM fitted.
* JLink Info:   FPUnit: 6 code (BP) slots and 2 literal slots
 
Target info:
------------
Device: STM32F407VG
VTarget = 3.280V
State of Pins: 
TCK: 1, TDI: 0, TDO: 1, TMS: 0, TRES: 1, TRST: 1
Hardware-Breakpoints: 6
Software-Breakpoints: 8192
Watchpoints:          4
JTAG speed: 2000 kHz
 
Erase Done.
Programming Done.
Verify OK.
Build target 'lcd_test'
compiling test_lcd.c...
..\test_lcd.c(28): warning:  #223-D: function "PageChange" declared implicitly
linking...
.\debug\lcd_test.axf: Error: L6218E: Undefined symbol delay_ms (referred from test_lcd.o).
Target not created
Build target 'lcd_test'
compiling delay.c...
linking...
Program Size: Code=5370 RO-data=458 RW-data=52 ZI-data=1060  
".\debug\lcd_test.axf" - 0 Error(s), 0 Warning(s).
Load "C:\\Users\\jackey\\Documents\\GitHub\\STM32_DGUS\\STM32_Demo\\projects\\test\\mdk\\debug\\lcd_test.AXF" 
Set JLink Project File to "C:\Users\jackey\Documents\GitHub\STM32_DGUS\STM32_Demo\projects\test\mdk\JLinkSettings.ini"
 
JLink info:
------------
DLL: V4.35b, compiled Sep  2 2011 18:34:46
Firmware: J-Link ARM V8 compiled Nov 14 2012 22:34:52
Hardware: V8.00
S/N : 58009527 
Feature(s) : RDI,FlashDL,FlashBP,JFlash,GDBFULL 
 
* JLink Info: TotalIRLen = 9, IRPrint = 0x0011
* JLink Info: Found Cortex-M4 r0p1, Little endian.
* JLink Info: TPIU fitted.
* JLink Info: ETM fitted.
* JLink Info:   FPUnit: 6 code (BP) slots and 2 literal slots
ROMTableAddr = 0xE00FF003
* JLink Info: TotalIRLen = 9, IRPrint = 0x0011
* JLink Info: Found Cortex-M4 r0p1, Little endian.
* JLink Info: TPIU fitted.
* JLink Info: ETM fitted.
* JLink Info:   FPUnit: 6 code (BP) slots and 2 literal slots
 
Target info:
------------
Device: STM32F407VG
VTarget = 3.280V
State of Pins: 
TCK: 1, TDI: 0, TDO: 1, TMS: 0, TRES: 1, TRST: 1
Hardware-Breakpoints: 6
Software-Breakpoints: 8192
Watchpoints:          0
JTAG speed: 2000 kHz
 
Erase Done.
Programming Done.
Verify OK.
Build target 'lcd_test'
compiling stm32f4xx_it.c...
linking...
Program Size: Code=5390 RO-data=458 RW-data=52 ZI-data=1060  
".\debug\lcd_test.axf" - 0 Error(s), 0 Warning(s).
Load "C:\\Users\\jackey\\Documents\\GitHub\\STM32_DGUS\\STM32_Demo\\projects\\test\\mdk\\debug\\lcd_test.AXF" 
Set JLink Project File to "C:\Users\jackey\Documents\GitHub\STM32_DGUS\STM32_Demo\projects\test\mdk\JLinkSettings.ini"
 
JLink info:
------------
DLL: V4.35b, compiled Sep  2 2011 18:34:46
Firmware: J-Link ARM V8 compiled Nov 14 2012 22:34:52
Hardware: V8.00
S/N : 58009527 
Feature(s) : RDI,FlashDL,FlashBP,JFlash,GDBFULL 
 
* JLink Info: TotalIRLen = 9, IRPrint = 0x0011
* JLink Info: Found Cortex-M4 r0p1, Little endian.
* JLink Info: TPIU fitted.
* JLink Info: ETM fitted.
* JLink Info:   FPUnit: 6 code (BP) slots and 2 literal slots
ROMTableAddr = 0xE00FF003
* JLink Info: TotalIRLen = 9, IRPrint = 0x0011
* JLink Info: Found Cortex-M4 r0p1, Little endian.
* JLink Info: TPIU fitted.
* JLink Info: ETM fitted.
* JLink Info:   FPUnit: 6 code (BP) slots and 2 literal slots
 
Target info:
------------
Device: STM32F407VG
VTarget = 3.280V
State of Pins: 
TCK: 1, TDI: 0, TDO: 1, TMS: 0, TRES: 1, TRST: 1
Hardware-Breakpoints: 6
Software-Breakpoints: 8192
Watchpoints:          0
JTAG speed: 2000 kHz
 
Erase Done.
Programming Done.
Verify OK.
Build target 'lcd_test'
compiling test_lcd.c...
..\test_lcd.c(23): warning:  #223-D: function "PageChange" declared implicitly
..\test_lcd.c(21): warning:  #177-D: variable "i" was declared but never referenced
linking...
Program Size: Code=5174 RO-data=458 RW-data=52 ZI-data=1060  
".\debug\lcd_test.axf" - 0 Error(s), 2 Warning(s).
Build target 'lcd_test'
compiling test_lcd.c...
..\test_lcd.c(24): warning:  #223-D: function "PageChange" declared implicitly
..\test_lcd.c(21): warning:  #177-D: variable "i" was declared but never referenced
linking...
Program Size: Code=5386 RO-data=458 RW-data=52 ZI-data=1060  
".\debug\lcd_test.axf" - 0 Error(s), 2 Warning(s).
Load "C:\\Users\\jackey\\Documents\\GitHub\\STM32_DGUS\\STM32_Demo\\projects\\test\\mdk\\debug\\lcd_test.AXF" 
Set JLink Project File to "C:\Users\jackey\Documents\GitHub\STM32_DGUS\STM32_Demo\projects\test\mdk\JLinkSettings.ini"
 
JLink info:
------------
DLL: V4.35b, compiled Sep  2 2011 18:34:46
Firmware: J-Link ARM V8 compiled Nov 14 2012 22:34:52
Hardware: V8.00
S/N : 58009527 
Feature(s) : RDI,FlashDL,FlashBP,JFlash,GDBFULL 
 
* JLink Info: TotalIRLen = 9, IRPrint = 0x0011
* JLink Info: Found Cortex-M4 r0p1, Little endian.
* JLink Info: TPIU fitted.
* JLink Info: ETM fitted.
* JLink Info:   FPUnit: 6 code (BP) slots and 2 literal slots
ROMTableAddr = 0xE00FF003
* JLink Info: TotalIRLen = 9, IRPrint = 0x0011
* JLink Info: Found Cortex-M4 r0p1, Little endian.
* JLink Info: TPIU fitted.
* JLink Info: ETM fitted.
* JLink Info:   FPUnit: 6 code (BP) slots and 2 literal slots
 
Target info:
------------
Device: STM32F407VG
VTarget = 3.280V
State of Pins: 
TCK: 1, TDI: 0, TDO: 1, TMS: 0, TRES: 1, TRST: 1
Hardware-Breakpoints: 6
Software-Breakpoints: 8192
Watchpoints:          0
JTAG speed: 2000 kHz
 
Erase Done.
Programming Done.
Verify OK.
