ARM Linker, 5.03 [Build 76] [MDK-ARM Standard]

==============================================================================

Section Cross References

    test_lcd.o(.text) refers to bsp.o(.text) for hardfawreInit
    test_lcd.o(.text) refers to delay.o(.text) for delay_ms
    test_lcd.o(.text) refers to serialscreen.o(.text) for PageChange
    stm32f4xx_it.o(.text) refers to stm32f4xx_tim.o(.text) for TIM_GetITStatus
    stm32f4xx_it.o(.text) refers to delay.o(.data) for ntime
    stm32f4xx_it.o(.text) refers to stm32f4xx_it.o(.data) for TimerFlag
    serialscreen.o(.text) refers to uart3.o(.text) for Uart3_Send
    serialscreen.o(.text) refers to memseta.o(.text) for __aeabi_memclr4
    serialscreen.o(.text) refers to strcat.o(.text) for strcat
    serialscreen.o(.text) refers to serialscreen.o(.constdata) for VariableWrite
    serialscreen.o(.text) refers to serialscreen.o(.data) for myunion
    serialscreen.o(.text) refers to msghandle.o(.bss) for DefineMeal
    serialscreen.o(.text) refers to serialscreen.o(.bss) for DispMeal
    serialscreen.o(.text) refers to msghandle.o(.text) for InitSetting
    serialscreen.o(.text) refers to msghandle.o(.data) for CurFloor
    serialscreen.o(.text) refers to spi_flash.o(.text) for WriteMeal
    uart5.o(.text) refers to stm32f4xx_rcc.o(.text) for RCC_AHB1PeriphClockCmd
    uart5.o(.text) refers to stm32f4xx_gpio.o(.text) for GPIO_PinAFConfig
    uart5.o(.text) refers to stm32f4xx_usart.o(.text) for USART_ITConfig
    uart5.o(.text) refers to misc.o(.text) for NVIC_PriorityGroupConfig
    uart5.o(.text) refers to uart5.o(.data) for F_RX1_SYNC
    uart5.o(.text) refers to uart5.o(.bss) for rx1Buf
    uart3.o(.text) refers to stm32f4xx_rcc.o(.text) for RCC_AHB1PeriphClockCmd
    uart3.o(.text) refers to stm32f4xx_gpio.o(.text) for GPIO_PinAFConfig
    uart3.o(.text) refers to stm32f4xx_usart.o(.text) for USART_ITConfig
    uart3.o(.text) refers to misc.o(.text) for NVIC_PriorityGroupConfig
    uart3.o(.text) refers to uart3.o(.data) for UART_InpLen
    uart3.o(.text) refers to uart3.o(.bss) for RX3_BUFF
    mmc_sd.o(.text) refers to sd.o(.text) for SD_spi_read
    mmc_sd.o(.text) refers to stm32f4xx_gpio.o(.text) for GPIO_SetBits
    mmc_sd.o(.text) refers to sd.o(.data) for is_init
    mmc_sd.o(.text) refers to mmc_sd.o(.data) for SD_Type
    sd.o(.text) refers to stm32f4xx_rcc.o(.text) for RCC_AHB1PeriphClockCmd
    sd.o(.text) refers to stm32f4xx_gpio.o(.text) for GPIO_Init
    sd.o(.text) refers to ff.o(.text) for f_mount
    sd.o(.text) refers to sd.o(.data) for is_init
    sd.o(.text) refers to sd.o(.bss) for fs
    sd.o(.text) refers to rtc.o(.text) for RTC_TimeShow
    sd.o(.text) refers to rtc.o(.data) for TimeDate
    rtc.o(.text) refers to stm32f4xx_rtc.o(.text) for RTC_SetTime
    rtc.o(.text) refers to stm32f4xx_rcc.o(.text) for RCC_APB1PeriphClockCmd
    rtc.o(.text) refers to stm32f4xx_pwr.o(.text) for PWR_BackupAccessCmd
    rtc.o(.text) refers to printf5.o(i.__0printf$5) for __2printf
    rtc.o(.text) refers to rtc.o(.data) for RTC_TimeStructure
    rtc.o(.text) refers to rtc.o(.bss) for RTC_AlarmStructure
    delay.o(.text) refers to delay.o(.data) for ntime
    spi_flash.o(.text) refers to stm32f4xx_gpio.o(.text) for GPIO_Init
    spi_flash.o(.text) refers to stm32f4xx_rcc.o(.text) for RCC_AHB1PeriphClockCmd
    spi_flash.o(.text) refers to stm32f4xx_spi.o(.text) for SPI_Init
    spi_flash.o(.text) refers to printf5.o(i.__0printf$5) for __2printf
    spi_flash.o(.text) refers to memseta.o(.text) for __aeabi_memclr4
    spi_flash.o(.text) refers to delay.o(.text) for delay_ms
    spi_flash.o(.text) refers to spi_flash.o(.data) for Tx_Buffer
    spi_flash.o(.text) refers to spi_flash.o(.bss) for Rx_Buffer
    spi_flash.o(.text) refers to msghandle.o(.bss) for FloorMealMessageWriteToFlash
    msghandle.o(.text) refers to serialscreen.o(.text) for VariableChage
    msghandle.o(.text) refers to ldiv.o(.text) for __aeabi_ldivmod
    msghandle.o(.text) refers to msghandle.o(.bss) for DefineMeal
    msghandle.o(.text) refers to msghandle.o(.data) for CurFloor
    msghandle.o(.text) refers to network_handle.o(.bss) for CustomerSel
    msghandle.o(.text) refers to printer.o(.bss) for Print_Struct
    network_handle.o(.text) refers to rtc.o(.text) for RTC_TimeShow
    network_handle.o(.text) refers to delay.o(.text) for delay_ms
    network_handle.o(.text) refers to network_handle.o(.data) for BRWN
    network_handle.o(.text) refers to rtc.o(.data) for TimeDate
    network_handle.o(.text) refers to uart5.o(.data) for F_RX1_SYNC
    network_handle.o(.text) refers to uart5.o(.bss) for rx1Buf
    network_handle.o(.text) refers to printf5.o(i.__0printf$5) for __2printf
    network_handle.o(.text) refers to memseta.o(.text) for __aeabi_memclr4
    network_handle.o(.text) refers to network_handle.o(.bss) for WordKeyCipher
    network_handle.o(.text) refers to ldiv.o(.text) for __aeabi_ldivmod
[...]
    i.__scatterload_zeroinit                 0x0800b7c4   Section       14  handlers.o(i.__scatterload_zeroinit)
    i._printf_core                           0x0800b7d4   Section        0  printf5.o(i._printf_core)
    _printf_core                             0x0800b7d5   Thumb Code   658  printf5.o(i._printf_core)
    .constdata                               0x0800ba94   Section       74  serialscreen.o(.constdata)
    .constdata                               0x0800bae0   Section        4  network_handle.o(.constdata)
    .constdata                               0x0800bae4   Section      141  ff.o(.constdata)
    LfnOfs                                   0x0800bae4   Data          13  ff.o(.constdata)
    excvt                                    0x0800baf1   Data         128  ff.o(.constdata)
    .constdata                               0x0800bb72   Section     1216  ccsbcs.o(.constdata)
    Tbl                                      0x0800bb72   Data         256  ccsbcs.o(.constdata)
    tbl_lower                                0x0800bc72   Data         480  ccsbcs.o(.constdata)
    tbl_upper                                0x0800be52   Data         480  ccsbcs.o(.constdata)
    .data                                    0x20000000   Section        1  stm32f4xx_it.o(.data)
    .data                                    0x20000002   Section       20  serialscreen.o(.data)
    .data                                    0x20000018   Section       16  uart5.o(.data)
    .data                                    0x20000028   Section       12  uart3.o(.data)
    .data                                    0x20000034   Section        1  mmc_sd.o(.data)
    .data                                    0x20000038   Section       20  sd.o(.data)
    Index                                    0x2000003c   Data           4  sd.o(.data)
    .data                                    0x2000004c   Section       51  rtc.o(.data)
    AsynchPrediv                             0x2000004c   Data           4  rtc.o(.data)
    SynchPrediv                              0x20000050   Data           4  rtc.o(.data)
    RTC_TimeStructure                        0x20000077   Data           4  rtc.o(.data)
    RTC_DateStructure                        0x2000007b   Data           4  rtc.o(.data)
    .data                                    0x20000080   Section        2  delay.o(.data)
    .data                                    0x20000082   Section      118  spi_flash.o(.data)
    .data                                    0x200000f8   Section        7  msghandle.o(.data)
    .data                                    0x20000100   Section      871  network_handle.o(.data)
    Batch                                    0x20000100   Data           4  network_handle.o(.data)
    .data                                    0x20000467   Section      428  printer.o(.data)
    .data                                    0x20000614   Section       30  bsp.o(.data)
    CurrentPointer                           0x20000618   Data           1  bsp.o(.data)
    Cmd                                      0x20000619   Data          20  bsp.o(.data)
    IsCard                                   0x20000630   Data           1  bsp.o(.data)
    .data                                    0x20000632   Section        4  bill.o(.data)
    .data                                    0x20000636   Section       11  uart4.o(.data)
    .data                                    0x20000644   Section        7  ff.o(.data)
    FatFs                                    0x20000644   Data           4  ff.o(.data)
    Fsid                                     0x20000648   Data           2  ff.o(.data)
    CurrVol                                  0x2000064a   Data           1  ff.o(.data)
    .data                                    0x2000064b   Section       16  stm32f4xx_rcc.o(.data)
    APBAHBPrescTable                         0x2000064b   Data          16  stm32f4xx_rcc.o(.data)
    .data                                    0x2000065c   Section       20  system_stm32f4xx.o(.data)
    .data                                    0x20000670   Section        4  stdout.o(.data)
    .bss                                     0x20000674   Section       12  serialscreen.o(.bss)
    .bss                                     0x20000680   Section      512  uart5.o(.bss)
    .bss                                     0x20000880   Section      200  uart3.o(.bss)
    .bss                                     0x20000948   Section     2216  sd.o(.bss)
    .bss                                     0x200011f0   Section       28  rtc.o(.bss)
    RTC_InitStructure                        0x200011f0   Data          12  rtc.o(.bss)
    RTC_AlarmStructure                       0x200011fc   Data          16  rtc.o(.bss)
    .bss                                     0x2000120c   Section      113  spi_flash.o(.bss)
    .bss                                     0x2000127e   Section      400  msghandle.o(.bss)
    .bss                                     0x2000140e   Section      355  network_handle.o(.bss)
    .bss                                     0x20001571   Section       19  printer.o(.bss)
    .bss                                     0x20001584   Section     1024  bsp.o(.bss)
    .bss                                     0x20001984   Section       40  uart4.o(.bss)
    .bss                                     0x200019ac   Section      512  ff.o(.bss)
    LfnBuf                                   0x200019ac   Data         512  ff.o(.bss)
    STACK                                    0x20001bb0   Section     1024  startup_stm32f4xx.o(STACK)

    Global Symbols

    Symbol Name                              Value     Ov Type        Size  Object(Section)

    BuildAttributes$$THM_ISAv4$E$P$D$K$B$S$7EM$PE$A:L22UL41UL21$X:L11$S22US41US21$IEEE1$IW$USESV6$~STKCKD$USESV7$~SHL$OSPACE$ROPI$EBA8$MICROLIB$REQ8$PRES8$EABIv2 0x00000000   Number         0  anon$$obj.o ABSOLUTE
    __ARM_use_no_argv                        0x00000000   Number         0  test_lcd.o ABSOLUTE
    _printf_a                                0x00000000   Number         0  stubs.o ABSOLUTE
    _printf_c                                0x00000000   Number         0  stubs.o ABSOLUTE
    _printf_charcount                        0x00000000   Number         0  stubs.o ABSOLUTE
    _printf_d                                0x00000000   Number         0  stubs.o ABSOLUTE
    _printf_e                                0x00000000   Number         0  stubs.o ABSOLUTE
    _printf_f                                0x00000000   Number         0  stubs.o ABSOLUTE
    _printf_flags                            0x00000000   Number         0  stubs.o ABSOLUTE
    _printf_fp_dec                           0x00000000   Number         0  stubs.o ABSOLUTE
    _printf_fp_hex                           0x00000000   Number         0  stubs.o ABSOLUTE
    _printf_g                                0x00000000   Number         0  stubs.o ABSOLUTE
    _printf_i                                0x00000000   Number         0  stubs.o ABSOLUTE
    _printf_int_dec                          0x00000000   Number         0  stubs.o ABSOLUTE
    _printf_l                                0x00000000   Number         0  stubs.o ABSOLUTE
    _printf_lc                               0x00000000   Number         0  stubs.o ABSOLUTE
    _printf_ll                               0x00000000   Number         0  stubs.o ABSOLUTE
    _printf_lld                              0x00000000   Number         0  stubs.o ABSOLUTE
    _printf_lli                              0x00000000   Number         0  stubs.o ABSOLUTE
    _printf_llo                              0x00000000   Number         0  stubs.o ABSOLUTE
    _printf_llu                              0x00000000   Number         0  stubs.o ABSOLUTE
    _printf_llx                              0x00000000   Number         0  stubs.o ABSOLUTE
    _printf_longlong_dec                     0x00000000   Number         0  stubs.o ABSOLUTE
    _printf_longlong_hex                     0x00000000   Number         0  stubs.o ABSOLUTE
    _printf_longlong_oct                     0x00000000   Number         0  stubs.o ABSOLUTE
    _printf_ls                               0x00000000   Number         0  stubs.o ABSOLUTE
    _printf_mbtowc                           0x00000000   Number         0  stubs.o ABSOLUTE
    _printf_n                                0x00000000   Number         0  stubs.o ABSOLUTE
    _printf_o                                0x00000000   Number         0  stubs.o ABSOLUTE
    _printf_p                                0x00000000   Number         0  stubs.o ABSOLUTE
    _printf_percent                          0x00000000   Number         0  stubs.o ABSOLUTE
    _printf_pre_padding                      0x00000000   Number         0  stubs.o ABSOLUTE
    _printf_return_value                     0x00000000   Number         0  stubs.o ABSOLUTE
    _printf_s                                0x00000000   Number         0  stubs.o ABSOLUTE
    _printf_sizespec                         0x00000000   Number         0  stubs.o ABSOLUTE
    _printf_str                              0x00000000   Number         0  stubs.o ABSOLUTE
    _printf_truncate_signed                  0x00000000   Number         0  stubs.o ABSOLUTE
    _printf_truncate_unsigned                0x00000000   Number         0  stubs.o ABSOLUTE
    _printf_u                                0x00000000   Number         0  stubs.o ABSOLUTE
    _printf_wc                               0x00000000   Number         0  stubs.o ABSOLUTE
    _printf_wctomb                           0x00000000   Number         0  stubs.o ABSOLUTE
    _printf_widthprec                        0x00000000   Number         0  stubs.o ABSOLUTE
    _printf_x                                0x00000000   Number         0  stubs.o ABSOLUTE
    __cpp_initialize__aeabi_                  - Undefined Weak Reference
    __cxa_finalize                            - Undefined Weak Reference
    _clock_init                               - Undefined Weak Reference
    _microlib_exit                            - Undefined Weak Reference
    __Vectors_Size                           0x00000188   Number         0  startup_stm32f4xx.o ABSOLUTE
    __Vectors                                0x08000000   Data           4  startup_stm32f4xx.o(RESET)
    __Vectors_End                            0x08000188   Data           0  startup_stm32f4xx.o(RESET)
    __main                                   0x08000189   Thumb Code     0  entry.o(.ARM.Collect$$$$00000000)
    _main_stk                                0x08000189   Thumb Code     0  entry2.o(.ARM.Collect$$$$00000001)
    _main_scatterload                        0x0800018d   Thumb Code     0  entry5.o(.ARM.Collect$$$$00000004)
    __main_after_scatterload                 0x08000191   Thumb Code     0  entry5.o(.ARM.Collect$$$$00000004)
    _main_clock                              0x08000191   Thumb Code     0  entry7b.o(.ARM.Collect$$$$00000008)
    _main_cpp_init                           0x08000191   Thumb Code     0  entry8b.o(.ARM.Collect$$$$0000000A)
    _main_init                               0x08000191   Thumb Code     0  entry9a.o(.ARM.Collect$$$$0000000B)
    __rt_final_cpp                           0x08000199   Thumb Code     0  entry10a.o(.ARM.Collect$$$$0000000D)
    __rt_final_exit                          0x08000199   Thumb Code     0  entry11a.o(.ARM.Collect$$$$0000000F)
    main                                     0x0800019d   Thumb Code    50  test_lcd.o(.text)
    NMI_Handler                              0x080001d1   Thumb Code     2  stm32f4xx_it.o(.text)
    HardFault_Handler                        0x080001d3   Thumb Code     4  stm32f4xx_it.o(.text)
    MemManage_Handler                        0x080001d7   Thumb Code     4  stm32f4xx_it.o(.text)
    BusFault_Handler                         0x080001db   Thumb Code     4  stm32f4xx_it.o(.text)
    UsageFault_Handler                       0x080001df   Thumb Code     4  stm32f4xx_it.o(.text)
    SVC_Handler                              0x080001e3   Thumb Code     2  stm32f4xx_it.o(.text)
    DebugMon_Handler                         0x080001e5   Thumb Code     2  stm32f4xx_it.o(.text)
    PendSV_Handler                           0x080001e7   Thumb Code     2  stm32f4xx_it.o(.text)
    SysTick_Handler                          0x080001e9   Thumb Code    12  stm32f4xx_it.o(.text)
    TIM2_IRQHandler                          0x080001f5   Thumb Code    32  stm32f4xx_it.o(.text)
    VariableChage                            0x0800021d   Thumb Code    80  serialscreen.o(.text)
    TextDisp                                 0x0800026d   Thumb Code   126  serialscreen.o(.text)
    DisplayPassWord                          0x080002eb   Thumb Code    88  serialscreen.o(.text)
    PageChange                               0x08000343   Thumb Code    48  serialscreen.o(.text)
    DispLeftMeal                             0x08000373   Thumb Code    90  serialscreen.o(.text)
    CutDownDisp                              0x080003cd   Thumb Code    62  serialscreen.o(.text)
    GetMealPrice                             0x0800040b   Thumb Code    68  serialscreen.o(.text)
    MealCostDisp                             0x0800044f   Thumb Code    64  serialscreen.o(.text)
    PutIntoShopCart                          0x0800048f   Thumb Code    86  serialscreen.o(.text)
    SettleAccounts                           0x080004e5   Thumb Code   380  serialscreen.o(.text)
    GetPassWord                              0x08000661   Thumb Code    26  serialscreen.o(.text)
    VerifyPassword                           0x0800067b   Thumb Code    36  serialscreen.o(.text)
    ChangeVariableValues                     0x0800069f   Thumb Code  2056  serialscreen.o(.text)
    DealSeriAceptData                        0x08000ea7   Thumb Code   254  serialscreen.o(.text)
    Uart5_Configuration                      0x08000fad   Thumb Code   230  uart5.o(.text)
    Uart5Send                                0x08001093   Thumb Code    38  uart5.o(.text)
    UART5_IRQHandler                         0x080010b9   Thumb Code   310  uart5.o(.text)
    Uart3_Configuration                      0x08001219   Thumb Code   186  uart3.o(.text)
    Uart3_Send                               0x080012d3   Thumb Code    40  uart3.o(.text)
    Uart3_Sent                               0x080012fb   Thumb Code    40  uart3.o(.text)
    _LCD_Disable_RxInit                      0x08001323   Thumb Code    16  uart3.o(.text)
    _LCD_Enable_RxInit                       0x08001333   Thumb Code    16  uart3.o(.text)
    USART3_GetChar                           0x08001343   Thumb Code    54  uart3.o(.text)
    UART3_GetCharsInRxBuf                    0x08001379   Thumb Code     6  uart3.o(.text)
    UART3_ClrRxBuf                           0x0800137f   Thumb Code    12  uart3.o(.text)
    USART3_IRQHandler                        0x0800138b   Thumb Code    58  uart3.o(.text)
    SD_SPI_ReadWriteByte                     0x080013dd   Thumb Code    10  mmc_sd.o(.text)
    SD_SPI_Init                              0x080013e7   Thumb Code    16  mmc_sd.o(.text)
    SD_DisSelect                             0x080013f7   Thumb Code    30  mmc_sd.o(.text)
    SD_WaitReady                             0x08001415   Thumb Code    32  mmc_sd.o(.text)
    SD_Select                                0x08001435   Thumb Code    28  mmc_sd.o(.text)
    SD_GetResponse                           0x08001451   Thumb Code    36  mmc_sd.o(.text)
    SD_RecvData                              0x08001475   Thumb Code    54  mmc_sd.o(.text)
    SD_SendBlock                             0x080014ab   Thumb Code    80  mmc_sd.o(.text)
    SD_SendCmd                               0x080014fb   Thumb Code   118  mmc_sd.o(.text)
    SD_GetCID                                0x08001571   Thumb Code    42  mmc_sd.o(.text)
    SD_GetCSD                                0x0800159b   Thumb Code    42  mmc_sd.o(.text)
    SD_GetSectorCount                        0x080015c5   Thumb Code   118  mmc_sd.o(.text)
    SD_Initialize                            0x0800163b   Thumb Code   386  mmc_sd.o(.text)
    SD_ReadDisk                              0x080017bd   Thumb Code   126  mmc_sd.o(.text)
    SD_WriteDisk                             0x0800183b   Thumb Code   140  mmc_sd.o(.text)
    SD_GPIO_Configuration                    0x080018cd   Thumb Code   156  sd.o(.text)
    delay                                    0x08001969   Thumb Code    12  sd.o(.text)
    SD_spi_write                             0x08001975   Thumb Code    70  sd.o(.text)
    SD_spi_read                              0x080019bb   Thumb Code    76  sd.o(.text)
    isRunNian                                0x08001a07   Thumb Code    52  sd.o(.text)
    getDays                                  0x08001a3b   Thumb Code    82  sd.o(.text)
    itoa                                     0x08001a8d   Thumb Code   192  sd.o(.text)
    Fwriter                                  0x08001b4d   Thumb Code   144  sd.o(.text)
    Fread                                    0x08001bdd   Thumb Code   318  sd.o(.text)
    WriteDatatoSD                            0x08001d1b   Thumb Code    44  sd.o(.text)
    ReadDatatoBuffer                         0x08001d47   Thumb Code    44  sd.o(.text)
    SendtoServce                             0x08001d73   Thumb Code   102  sd.o(.text)
    File_delete                              0x08001dd9   Thumb Code   236  sd.o(.text)
    RTC_TimeRegulate                         0x08001edd   Thumb Code   170  rtc.o(.text)
    RTC_Config                               0x08001f87   Thumb Code    66  rtc.o(.text)
    MyRTC_Init                               0x08001fc9   Thumb Code    86  rtc.o(.text)
    RTC_GetTime_HM                           0x0800201f   Thumb Code    34  rtc.o(.text)
    RTC_TimeShow                             0x08002041   Thumb Code    64  rtc.o(.text)
    RTC_AlarmShow                            0x08002081   Thumb Code    16  rtc.o(.text)
    delay_ms                                 0x0800211f   Thumb Code    32  delay.o(.text)
    delay_us                                 0x0800213f   Thumb Code    32  delay.o(.text)
    Delay                                    0x0800215f   Thumb Code    12  delay.o(.text)
    SPI_FLASH_Init                           0x0800217d   Thumb Code   240  spi_flash.o(.text)
    SPI_FLASH_SendByte                       0x0800226d   Thumb Code    50  spi_flash.o(.text)
    SPI_FLASH_WaitForWriteEnd                0x0800229f   Thumb Code    48  spi_flash.o(.text)
    SPI_FLASH_WriteEnable                    0x080022cf   Thumb Code    30  spi_flash.o(.text)
    SPI_FLASH_SectorErase                    0x080022ed   Thumb Code    62  spi_flash.o(.text)
    SPI_FLASH_BulkErase                      0x0800232b   Thumb Code    38  spi_flash.o(.text)
    SPI_FLASH_PageWrite                      0x08002351   Thumb Code    96  spi_flash.o(.text)
    SPI_FLASH_BufferWrite                    0x080023b1   Thumb Code   290  spi_flash.o(.text)
    SPI_FLASH_BufferRead                     0x080024d3   Thumb Code    80  spi_flash.o(.text)
    SPI_FLASH_ReadID                         0x08002523   Thumb Code    78  spi_flash.o(.text)
    SPI_FLASH_ReadDeviceID                   0x08002571   Thumb Code    76  spi_flash.o(.text)
    SPI_FLASH_StartReadSequence              0x080025bd   Thumb Code    44  spi_flash.o(.text)
    SPI_FLASH_ReadByte                       0x080025e9   Thumb Code    10  spi_flash.o(.text)
    SPI_FLASH_SendHalfWord                   0x080025f3   Thumb Code    48  spi_flash.o(.text)
    SPI_Flash_PowerDown                      0x08002623   Thumb Code    30  spi_flash.o(.text)
    SPI_Flash_WAKEUP                         0x08002641   Thumb Code    30  spi_flash.o(.text)
    Buffercmp                                0x0800265f   Thumb Code    36  spi_flash.o(.text)
    SPI_FLASH_TEST                           0x08002683   Thumb Code   254  spi_flash.o(.text)
    WriteMeal                                0x08002781   Thumb Code    98  spi_flash.o(.text)
    ReadMeal                                 0x080027e3   Thumb Code    14  spi_flash.o(.text)
    StatisticsTotal                          0x08002961   Thumb Code   206  msghandle.o(.text)
    InitSetting                              0x08002a2f   Thumb Code   176  msghandle.o(.text)
    MealArr                                  0x08002adf   Thumb Code   968  msghandle.o(.text)
    GetBRWN                                  0x08002eb5   Thumb Code   206  network_handle.o(.text)
    HL_BufferToInit                          0x08002fcd   Thumb Code    20  network_handle.o(.text)
    HL_BufferToLong00                        0x08002fe1   Thumb Code    24  network_handle.o(.text)
    HL_LongToBuffer00                        0x08002ff9   Thumb Code    16  network_handle.o(.text)
    mem_copy00                               0x0800301b   Thumb Code    24  network_handle.o(.text)
    CheckResponseCode                        0x08003033   Thumb Code   184  network_handle.o(.text)
    GetData                                  0x080030eb   Thumb Code    72  network_handle.o(.text)
    MealComparefunDemo                       0x08003173   Thumb Code   110  network_handle.o(.text)
    SignInFun                                0x080031e1   Thumb Code   594  network_handle.o(.text)
    StructCopyToBuffer                       0x08003433   Thumb Code   170  network_handle.o(.text)
    BufferToStructCopy                       0x080034dd   Thumb Code   158  network_handle.o(.text)
    MealDataCompareFun                       0x0800357b   Thumb Code   520  network_handle.o(.text)
    SignOutFun                               0x08003783   Thumb Code   542  network_handle.o(.text)
    StatusUploadingFun                       0x080039a1   Thumb Code   590  network_handle.o(.text)
    EchoFun                                  0x08003bef   Thumb Code   774  network_handle.o(.text)
    TakeMealsFun                             0x08003ef5   Thumb Code   640  network_handle.o(.text)
    MealUploadingFun                         0x08004175   Thumb Code   574  network_handle.o(.text)
    StructCopyToBuffer00                     0x080043b3   Thumb Code   350  network_handle.o(.text)
    MealGroupUploadingFun                    0x08004511   Thumb Code   716  network_handle.o(.text)
    ClearingFun                              0x080047dd   Thumb Code   218  network_handle.o(.text)
    SignInFunction                           0x080048b7   Thumb Code    40  network_handle.o(.text)
    EchoFuntion                              0x080048df   Thumb Code    44  network_handle.o(.text)
    MealDataCompareFunction                  0x0800490b   Thumb Code    34  network_handle.o(.text)
    Resend                                   0x0800492d   Thumb Code   136  network_handle.o(.text)
    Uart1_Card                               0x080049bd   Thumb Code    42  printer.o(.text)
    CheckPrintStatus                         0x080049e7   Thumb Code    98  printer.o(.text)
    COPY                                     0x08004a49   Thumb Code   344  printer.o(.text)
    SPRT                                     0x08004ba1   Thumb Code  1578  printer.o(.text)
    Uart1_Configuration                      0x0800521d   Thumb Code   196  uart1.o(.text)
    fputc                                    0x080052e1   Thumb Code    32  uart1.o(.text)
    fgetc                                    0x08005301   Thumb Code    26  uart1.o(.text)
    WaitTimeInit                             0x08005325   Thumb Code     6  bsp.o(.text)
    FindMeal                                 0x0800532b   Thumb Code   112  bsp.o(.text)
    PrintTickFun                             0x0800539b   Thumb Code    70  bsp.o(.text)
    WaitPayMoney                             0x080053e1   Thumb Code   416  bsp.o(.text)
    WaitMeal                                 0x08005581   Thumb Code   706  bsp.o(.text)
    ClearingFuntion                          0x08005843   Thumb Code    28  bsp.o(.text)
    TempHandler                              0x0800585f   Thumb Code     2  bsp.o(.text)
    hardfawreInit                            0x08005861   Thumb Code   146  bsp.o(.text)
    SetBills                                 0x08005919   Thumb Code    54  bill.o(.text)
    DisableBills                             0x0800594f   Thumb Code    54  bill.o(.text)
    ReadBill                                 0x08005985   Thumb Code   294  bill.o(.text)
    Polls                                    0x08005aab   Thumb Code     2  bill.o(.text)
    BackPolls                                0x08005aad   Thumb Code     2  bill.o(.text)
    ReadBills                                0x08005aaf   Thumb Code    62  bill.o(.text)
    StringToHexGroup                         0x08005aed   Thumb Code   196  bill.o(.text)
    InitBills                                0x08005bd9   Thumb Code   186  uart4.o(.text)
    UART4_IRQHandler                         0x08005c93   Thumb Code   102  uart4.o(.text)
    disk_initialize                          0x08005d11   Thumb Code    20  diskio.o(.text)
    disk_status                              0x08005d25   Thumb Code     6  diskio.o(.text)
    disk_read                                0x08005d2b   Thumb Code    86  diskio.o(.text)
    disk_write                               0x08005d81   Thumb Code    52  diskio.o(.text)
    disk_ioctl                               0x08005db5   Thumb Code    64  diskio.o(.text)
    get_fattime                              0x08005df5   Thumb Code     4  diskio.o(.text)
    clust2sect                               0x08005fa1   Thumb Code    26  ff.o(.text)
    get_fat                                  0x08005fbb   Thumb Code   228  ff.o(.text)
    put_fat                                  0x0800609f   Thumb Code   314  ff.o(.text)
    gen_numname                              0x0800662d   Thumb Code   168  ff.o(.text)
    f_mount                                  0x0800731d   Thumb Code    64  ff.o(.text)
    f_open                                   0x0800735d   Thumb Code   364  ff.o(.text)
    f_read                                   0x080074c9   Thumb Code   458  ff.o(.text)
    f_write                                  0x08007693   Thumb Code   530  ff.o(.text)
    f_sync                                   0x080078a5   Thumb Code   182  ff.o(.text)
    f_close                                  0x0800795b   Thumb Code    22  ff.o(.text)
    f_chdrive                                0x08007971   Thumb Code    18  ff.o(.text)
    f_chdir                                  0x08007983   Thumb Code   104  ff.o(.text)
    f_getcwd                                 0x080079eb   Thumb Code   340  ff.o(.text)
    f_lseek                                  0x08007b3f   Thumb Code   432  ff.o(.text)
    f_opendir                                0x08007cef   Thumb Code   122  ff.o(.text)
    f_readdir                                0x08007d69   Thumb Code    92  ff.o(.text)
    f_stat                                   0x08007dc5   Thumb Code    62  ff.o(.text)
    f_getfree                                0x08007e03   Thumb Code   276  ff.o(.text)
    f_truncate                               0x08007f17   Thumb Code   156  ff.o(.text)
    f_unlink                                 0x08007fb3   Thumb Code   202  ff.o(.text)
    f_mkdir                                  0x0800807d   Thumb Code   406  ff.o(.text)
    f_chmod                                  0x08008213   Thumb Code   100  ff.o(.text)
    f_utime                                  0x08008277   Thumb Code   102  ff.o(.text)
    f_rename                                 0x080082dd   Thumb Code   304  ff.o(.text)
    f_gets                                   0x0800840d   Thumb Code    86  ff.o(.text)
    f_putc                                   0x08008463   Thumb Code    50  ff.o(.text)
    f_puts                                   0x08008495   Thumb Code    40  ff.o(.text)
    f_printf                                 0x080084bd   Thumb Code   688  ff.o(.text)
    ff_convert                               0x0800876d   Thumb Code    70  ccsbcs.o(.text)
    ff_wtoupper                              0x080087b3   Thumb Code    46  ccsbcs.o(.text)
    NVIC_PriorityGroupConfig                 0x080087ed   Thumb Code    10  misc.o(.text)
    NVIC_Init                                0x080087f7   Thumb Code   108  misc.o(.text)
    NVIC_SetVectorTable                      0x08008863   Thumb Code    14  misc.o(.text)
    NVIC_SystemLPConfig                      0x08008871   Thumb Code    34  misc.o(.text)
    SysTick_CLKSourceConfig                  0x08008893   Thumb Code    40  misc.o(.text)
    GPIO_DeInit                              0x080088d1   Thumb Code   220  stm32f4xx_gpio.o(.text)
    GPIO_Init                                0x080089ad   Thumb Code   144  stm32f4xx_gpio.o(.text)
    GPIO_StructInit                          0x08008a3d   Thumb Code    18  stm32f4xx_gpio.o(.text)
    GPIO_PinLockConfig                       0x08008a4f   Thumb Code    34  stm32f4xx_gpio.o(.text)
    GPIO_ReadInputDataBit                    0x08008a71   Thumb Code    18  stm32f4xx_gpio.o(.text)
    GPIO_ReadInputData                       0x08008a83   Thumb Code     8  stm32f4xx_gpio.o(.text)
    GPIO_ReadOutputDataBit                   0x08008a8b   Thumb Code    18  stm32f4xx_gpio.o(.text)
    GPIO_ReadOutputData                      0x08008a9d   Thumb Code     8  stm32f4xx_gpio.o(.text)
    GPIO_SetBits                             0x08008aa5   Thumb Code     4  stm32f4xx_gpio.o(.text)
    GPIO_ResetBits                           0x08008aa9   Thumb Code     4  stm32f4xx_gpio.o(.text)
    GPIO_WriteBit                            0x08008aad   Thumb Code    10  stm32f4xx_gpio.o(.text)
    GPIO_Write                               0x08008ab7   Thumb Code     4  stm32f4xx_gpio.o(.text)
    GPIO_ToggleBits                          0x08008abb   Thumb Code     8  stm32f4xx_gpio.o(.text)
    GPIO_PinAFConfig                         0x08008ac3   Thumb Code    70  stm32f4xx_gpio.o(.text)
    RCC_DeInit                               0x08008b2d   Thumb Code    60  stm32f4xx_rcc.o(.text)
    RCC_HSEConfig                            0x08008b69   Thumb Code    14  stm32f4xx_rcc.o(.text)
    RCC_GetFlagStatus                        0x08008b77   Thumb Code    60  stm32f4xx_rcc.o(.text)
    RCC_WaitForHSEStartUp                    0x08008bb3   Thumb Code    56  stm32f4xx_rcc.o(.text)
    RCC_AdjustHSICalibrationValue            0x08008beb   Thumb Code    20  stm32f4xx_rcc.o(.text)
    RCC_HSICmd                               0x08008bff   Thumb Code     6  stm32f4xx_rcc.o(.text)
    RCC_LSEConfig                            0x08008c05   Thumb Code    46  stm32f4xx_rcc.o(.text)
    RCC_LSICmd                               0x08008c33   Thumb Code     6  stm32f4xx_rcc.o(.text)
    RCC_PLLConfig                            0x08008c39   Thumb Code    32  stm32f4xx_rcc.o(.text)
    RCC_PLLCmd                               0x08008c59   Thumb Code     6  stm32f4xx_rcc.o(.text)
    RCC_PLLI2SConfig                         0x08008c5f   Thumb Code    14  stm32f4xx_rcc.o(.text)
    RCC_PLLI2SCmd                            0x08008c6d   Thumb Code     6  stm32f4xx_rcc.o(.text)
    RCC_ClockSecuritySystemCmd               0x08008c73   Thumb Code     6  stm32f4xx_rcc.o(.text)
    RCC_MCO1Config                           0x08008c79   Thumb Code    28  stm32f4xx_rcc.o(.text)
    RCC_MCO2Config                           0x08008c95   Thumb Code    28  stm32f4xx_rcc.o(.text)
    RCC_SYSCLKConfig                         0x08008cb1   Thumb Code    20  stm32f4xx_rcc.o(.text)
    RCC_GetSYSCLKSource                      0x08008cc5   Thumb Code    12  stm32f4xx_rcc.o(.text)
    RCC_HCLKConfig                           0x08008cd1   Thumb Code    20  stm32f4xx_rcc.o(.text)
    RCC_PCLK1Config                          0x08008ce5   Thumb Code    20  stm32f4xx_rcc.o(.text)
    RCC_PCLK2Config                          0x08008cf9   Thumb Code    22  stm32f4xx_rcc.o(.text)
    RCC_GetClocksFreq                        0x08008d0f   Thumb Code   222  stm32f4xx_rcc.o(.text)
    RCC_RTCCLKConfig                         0x08008ded   Thumb Code    54  stm32f4xx_rcc.o(.text)
    RCC_RTCCLKCmd                            0x08008e23   Thumb Code     8  stm32f4xx_rcc.o(.text)
    RCC_BackupResetCmd                       0x08008e2b   Thumb Code     8  stm32f4xx_rcc.o(.text)
    RCC_I2SCLKConfig                         0x08008e33   Thumb Code     6  stm32f4xx_rcc.o(.text)
    RCC_AHB1PeriphClockCmd                   0x08008e39   Thumb Code    34  stm32f4xx_rcc.o(.text)
    RCC_AHB2PeriphClockCmd                   0x08008e5b   Thumb Code    34  stm32f4xx_rcc.o(.text)
    RCC_AHB3PeriphClockCmd                   0x08008e7d   Thumb Code    34  stm32f4xx_rcc.o(.text)
    RCC_APB1PeriphClockCmd                   0x08008e9f   Thumb Code    34  stm32f4xx_rcc.o(.text)
    RCC_APB2PeriphClockCmd                   0x08008ec1   Thumb Code    34  stm32f4xx_rcc.o(.text)
    RCC_AHB1PeriphResetCmd                   0x08008ee3   Thumb Code    34  stm32f4xx_rcc.o(.text)
    RCC_AHB2PeriphResetCmd                   0x08008f05   Thumb Code    72  stm32f4xx_rcc.o(.text)
    RCC_AHB3PeriphResetCmd                   0x08008f4d   Thumb Code    34  stm32f4xx_rcc.o(.text)
    RCC_APB1PeriphResetCmd                   0x08008f6f   Thumb Code    34  stm32f4xx_rcc.o(.text)
    RCC_APB2PeriphResetCmd                   0x08008f91   Thumb Code    34  stm32f4xx_rcc.o(.text)
    RCC_AHB1PeriphClockLPModeCmd             0x08008fb3   Thumb Code    34  stm32f4xx_rcc.o(.text)
    RCC_AHB2PeriphClockLPModeCmd             0x08008fd5   Thumb Code    34  stm32f4xx_rcc.o(.text)
    RCC_AHB3PeriphClockLPModeCmd             0x08008ff7   Thumb Code    34  stm32f4xx_rcc.o(.text)
    RCC_APB1PeriphClockLPModeCmd             0x08009019   Thumb Code    34  stm32f4xx_rcc.o(.text)
    RCC_APB2PeriphClockLPModeCmd             0x0800903b   Thumb Code    34  stm32f4xx_rcc.o(.text)
    RCC_ITConfig                             0x0800905d   Thumb Code    34  stm32f4xx_rcc.o(.text)
    RCC_ClearFlag                            0x0800907f   Thumb Code    18  stm32f4xx_rcc.o(.text)
    RCC_GetITStatus                          0x08009091   Thumb Code    22  stm32f4xx_rcc.o(.text)
    RCC_ClearITPendingBit                    0x080090a7   Thumb Code     8  stm32f4xx_rcc.o(.text)
    RTC_WaitForSynchro                       0x080090b5   Thumb Code    92  stm32f4xx_rtc.o(.text)
    RTC_EnterInitMode                        0x08009111   Thumb Code    84  stm32f4xx_rtc.o(.text)
    RTC_DeInit                               0x08009165   Thumb Code   182  stm32f4xx_rtc.o(.text)
    RTC_ExitInitMode                         0x0800921b   Thumb Code    18  stm32f4xx_rtc.o(.text)
    RTC_Init                                 0x0800922d   Thumb Code    94  stm32f4xx_rtc.o(.text)
    RTC_StructInit                           0x0800928b   Thumb Code    14  stm32f4xx_rtc.o(.text)
    RTC_WriteProtectionCmd                   0x08009299   Thumb Code    22  stm32f4xx_rtc.o(.text)
    RTC_RefClockCmd                          0x080092af   Thumb Code    76  stm32f4xx_rtc.o(.text)
    RTC_BypassShadowCmd                      0x080092fb   Thumb Code    54  stm32f4xx_rtc.o(.text)
    RTC_SetTime                              0x08009363   Thumb Code   184  stm32f4xx_rtc.o(.text)
    RTC_TimeStructInit                       0x0800941b   Thumb Code    12  stm32f4xx_rtc.o(.text)
    RTC_GetTime                              0x08009427   Thumb Code    74  stm32f4xx_rtc.o(.text)
    RTC_GetSubSecond                         0x08009471   Thumb Code    16  stm32f4xx_rtc.o(.text)
    RTC_SetDate                              0x08009481   Thumb Code   188  stm32f4xx_rtc.o(.text)
    RTC_DateStructInit                       0x0800953d   Thumb Code    14  stm32f4xx_rtc.o(.text)
    RTC_GetDate                              0x0800954b   Thumb Code    70  stm32f4xx_rtc.o(.text)
    RTC_SetAlarm                             0x08009591   Thumb Code   230  stm32f4xx_rtc.o(.text)
    RTC_AlarmStructInit                      0x08009677   Thumb Code    22  stm32f4xx_rtc.o(.text)
    RTC_GetAlarm                             0x0800968d   Thumb Code   114  stm32f4xx_rtc.o(.text)
    RTC_AlarmCmd                             0x080096ff   Thumb Code   112  stm32f4xx_rtc.o(.text)
    RTC_AlarmSubSecondConfig                 0x0800976f   Thumb Code    46  stm32f4xx_rtc.o(.text)
    RTC_GetAlarmSubSecond                    0x0800979d   Thumb Code    34  stm32f4xx_rtc.o(.text)
    RTC_WakeUpClockConfig                    0x080097bf   Thumb Code    42  stm32f4xx_rtc.o(.text)
    RTC_SetWakeUpCounter                     0x080097e9   Thumb Code    22  stm32f4xx_rtc.o(.text)
    RTC_GetWakeUpCounter                     0x080097ff   Thumb Code    10  stm32f4xx_rtc.o(.text)
    RTC_WakeUpCmd                            0x08009809   Thumb Code   116  stm32f4xx_rtc.o(.text)
    RTC_DayLightSavingConfig                 0x0800987d   Thumb Code    50  stm32f4xx_rtc.o(.text)
    RTC_GetStoreOperation                    0x080098af   Thumb Code    12  stm32f4xx_rtc.o(.text)
    RTC_OutputConfig                         0x080098bb   Thumb Code    58  stm32f4xx_rtc.o(.text)
    RTC_CoarseCalibConfig                    0x080098f5   Thumb Code    52  stm32f4xx_rtc.o(.text)
    RTC_CoarseCalibCmd                       0x08009929   Thumb Code    76  stm32f4xx_rtc.o(.text)
    RTC_CalibOutputCmd                       0x08009975   Thumb Code    54  stm32f4xx_rtc.o(.text)
    RTC_CalibOutputConfig                    0x080099ab   Thumb Code    42  stm32f4xx_rtc.o(.text)
    RTC_SmoothCalibConfig                    0x080099d5   Thumb Code    90  stm32f4xx_rtc.o(.text)
    RTC_TimeStampCmd                         0x08009a2f   Thumb Code    54  stm32f4xx_rtc.o(.text)
    RTC_GetTimeStamp                         0x08009a65   Thumb Code   144  stm32f4xx_rtc.o(.text)
    RTC_GetTimeStampSubSecond                0x08009af5   Thumb Code     8  stm32f4xx_rtc.o(.text)
    RTC_TamperTriggerConfig                  0x08009afd   Thumb Code    38  stm32f4xx_rtc.o(.text)
    RTC_TamperCmd                            0x08009b23   Thumb Code    34  stm32f4xx_rtc.o(.text)
    RTC_TamperFilterConfig                   0x08009b45   Thumb Code    26  stm32f4xx_rtc.o(.text)
    RTC_TamperSamplingFreqConfig             0x08009b5f   Thumb Code    26  stm32f4xx_rtc.o(.text)
    RTC_TamperPinsPrechargeDuration          0x08009b79   Thumb Code    26  stm32f4xx_rtc.o(.text)
    RTC_TimeStampOnTamperDetectionCmd        0x08009b93   Thumb Code    38  stm32f4xx_rtc.o(.text)
    RTC_TamperPullUpCmd                      0x08009bb9   Thumb Code    38  stm32f4xx_rtc.o(.text)
    RTC_WriteBackupRegister                  0x08009bdf   Thumb Code    26  stm32f4xx_rtc.o(.text)
    RTC_ReadBackupRegister                   0x08009bf9   Thumb Code    28  stm32f4xx_rtc.o(.text)
    RTC_TamperPinSelection                   0x08009c15   Thumb Code    26  stm32f4xx_rtc.o(.text)
    RTC_TimeStampPinSelection                0x08009c2f   Thumb Code    26  stm32f4xx_rtc.o(.text)
    RTC_OutputTypeConfig                     0x08009c49   Thumb Code    26  stm32f4xx_rtc.o(.text)
    RTC_SynchroShiftConfig                   0x08009c63   Thumb Code   130  stm32f4xx_rtc.o(.text)
    RTC_ITConfig                             0x08009ce5   Thumb Code    94  stm32f4xx_rtc.o(.text)
    RTC_GetFlagStatus                        0x08009d43   Thumb Code    34  stm32f4xx_rtc.o(.text)
    RTC_ClearFlag                            0x08009d65   Thumb Code    28  stm32f4xx_rtc.o(.text)
    RTC_GetITStatus                          0x08009d81   Thumb Code    62  stm32f4xx_rtc.o(.text)
    RTC_ClearITPendingBit                    0x08009dbf   Thumb Code    32  stm32f4xx_rtc.o(.text)
    USART_DeInit                             0x08009de5   Thumb Code   156  stm32f4xx_usart.o(.text)
    USART_Init                               0x08009e81   Thumb Code   204  stm32f4xx_usart.o(.text)
    USART_StructInit                         0x08009f4d   Thumb Code    24  stm32f4xx_usart.o(.text)
    USART_ClockInit                          0x08009f65   Thumb Code    32  stm32f4xx_usart.o(.text)
    USART_ClockStructInit                    0x08009f85   Thumb Code    12  stm32f4xx_usart.o(.text)
    USART_Cmd                                0x08009f91   Thumb Code    24  stm32f4xx_usart.o(.text)
    USART_SetPrescaler                       0x08009fa9   Thumb Code    16  stm32f4xx_usart.o(.text)
    USART_OverSampling8Cmd                   0x08009fb9   Thumb Code    22  stm32f4xx_usart.o(.text)
    USART_OneBitMethodCmd                    0x08009fcf   Thumb Code    24  stm32f4xx_usart.o(.text)
    USART_SendData                           0x08009fe7   Thumb Code     8  stm32f4xx_usart.o(.text)
    USART_ReceiveData                        0x08009fef   Thumb Code    10  stm32f4xx_usart.o(.text)
    USART_SetAddress                         0x08009ff9   Thumb Code    18  stm32f4xx_usart.o(.text)
    USART_ReceiverWakeUpCmd                  0x0800a00b   Thumb Code    24  stm32f4xx_usart.o(.text)
    USART_WakeUpConfig                       0x0800a023   Thumb Code    18  stm32f4xx_usart.o(.text)
    USART_LINBreakDetectLengthConfig         0x0800a035   Thumb Code    18  stm32f4xx_usart.o(.text)
    USART_LINCmd                             0x0800a047   Thumb Code    24  stm32f4xx_usart.o(.text)
    USART_SendBreak                          0x0800a05f   Thumb Code    10  stm32f4xx_usart.o(.text)
    USART_HalfDuplexCmd                      0x0800a069   Thumb Code    24  stm32f4xx_usart.o(.text)
    USART_SetGuardTime                       0x0800a081   Thumb Code    16  stm32f4xx_usart.o(.text)
    USART_SmartCardCmd                       0x0800a091   Thumb Code    24  stm32f4xx_usart.o(.text)
    USART_SmartCardNACKCmd                   0x0800a0a9   Thumb Code    24  stm32f4xx_usart.o(.text)
    USART_IrDAConfig                         0x0800a0c1   Thumb Code    18  stm32f4xx_usart.o(.text)
    USART_IrDACmd                            0x0800a0d3   Thumb Code    24  stm32f4xx_usart.o(.text)
    USART_DMACmd                             0x0800a0eb   Thumb Code    18  stm32f4xx_usart.o(.text)
    USART_ITConfig                           0x0800a0fd   Thumb Code    74  stm32f4xx_usart.o(.text)
    USART_GetFlagStatus                      0x0800a147   Thumb Code    26  stm32f4xx_usart.o(.text)
    USART_ClearFlag                          0x0800a161   Thumb Code    18  stm32f4xx_usart.o(.text)
    USART_GetITStatus                        0x0800a173   Thumb Code   110  stm32f4xx_usart.o(.text)
    USART_ClearITPendingBit                  0x0800a1e1   Thumb Code    30  stm32f4xx_usart.o(.text)
    TIM_DeInit                               0x0800a201   Thumb Code   346  stm32f4xx_tim.o(.text)
    TIM_TimeBaseInit                         0x0800a35b   Thumb Code   104  stm32f4xx_tim.o(.text)
    TIM_TimeBaseStructInit                   0x0800a3c3   Thumb Code    18  stm32f4xx_tim.o(.text)
    TIM_PrescalerConfig                      0x0800a3d5   Thumb Code     6  stm32f4xx_tim.o(.text)
    TIM_CounterModeConfig                    0x0800a3db   Thumb Code    18  stm32f4xx_tim.o(.text)
    TIM_SetCounter                           0x0800a3ed   Thumb Code     4  stm32f4xx_tim.o(.text)
    TIM_SetAutoreload                        0x0800a3f1   Thumb Code     4  stm32f4xx_tim.o(.text)
    TIM_GetCounter                           0x0800a3f5   Thumb Code     6  stm32f4xx_tim.o(.text)
    TIM_GetPrescaler                         0x0800a3fb   Thumb Code     6  stm32f4xx_tim.o(.text)
    TIM_UpdateDisableConfig                  0x0800a401   Thumb Code    24  stm32f4xx_tim.o(.text)
    TIM_UpdateRequestConfig                  0x0800a419   Thumb Code    24  stm32f4xx_tim.o(.text)
    TIM_ARRPreloadConfig                     0x0800a431   Thumb Code    24  stm32f4xx_tim.o(.text)
    TIM_SelectOnePulseMode                   0x0800a449   Thumb Code    18  stm32f4xx_tim.o(.text)
    TIM_SetClockDivision                     0x0800a45b   Thumb Code    18  stm32f4xx_tim.o(.text)
    TIM_Cmd                                  0x0800a46d   Thumb Code    24  stm32f4xx_tim.o(.text)
    TIM_OC1Init                              0x0800a485   Thumb Code   114  stm32f4xx_tim.o(.text)
    TIM_OC2Init                              0x0800a4f7   Thumb Code   154  stm32f4xx_tim.o(.text)
    TIM_OC3Init                              0x0800a591   Thumb Code   204  stm32f4xx_tim.o(.text)
    TIM_OC4Init                              0x0800a65d   Thumb Code   112  stm32f4xx_tim.o(.text)
    TIM_OCStructInit                         0x0800a6cd   Thumb Code    20  stm32f4xx_tim.o(.text)
    TIM_SelectOCxM                           0x0800a6e1   Thumb Code    86  stm32f4xx_tim.o(.text)
    TIM_SetCompare1                          0x0800a737   Thumb Code     4  stm32f4xx_tim.o(.text)
    TIM_SetCompare2                          0x0800a73b   Thumb Code     4  stm32f4xx_tim.o(.text)
    TIM_SetCompare3                          0x0800a73f   Thumb Code     4  stm32f4xx_tim.o(.text)
    TIM_SetCompare4                          0x0800a743   Thumb Code     4  stm32f4xx_tim.o(.text)
    TIM_ForcedOC1Config                      0x0800a747   Thumb Code    18  stm32f4xx_tim.o(.text)
    TIM_ForcedOC2Config                      0x0800a759   Thumb Code    26  stm32f4xx_tim.o(.text)
    TIM_ForcedOC3Config                      0x0800a773   Thumb Code    18  stm32f4xx_tim.o(.text)
    TIM_ForcedOC4Config                      0x0800a785   Thumb Code    26  stm32f4xx_tim.o(.text)
    TIM_OC1PreloadConfig                     0x0800a79f   Thumb Code    18  stm32f4xx_tim.o(.text)
    TIM_OC2PreloadConfig                     0x0800a7b1   Thumb Code    26  stm32f4xx_tim.o(.text)
    TIM_OC3PreloadConfig                     0x0800a7cb   Thumb Code    18  stm32f4xx_tim.o(.text)
    TIM_OC4PreloadConfig                     0x0800a7dd   Thumb Code    26  stm32f4xx_tim.o(.text)
    TIM_OC1FastConfig                        0x0800a7f7   Thumb Code    18  stm32f4xx_tim.o(.text)
    TIM_OC2FastConfig                        0x0800a809   Thumb Code    26  stm32f4xx_tim.o(.text)
    TIM_OC3FastConfig                        0x0800a823   Thumb Code    18  stm32f4xx_tim.o(.text)
    TIM_OC4FastConfig                        0x0800a835   Thumb Code    26  stm32f4xx_tim.o(.text)
    TIM_ClearOC1Ref                          0x0800a84f   Thumb Code    18  stm32f4xx_tim.o(.text)
    TIM_ClearOC2Ref                          0x0800a861   Thumb Code    24  stm32f4xx_tim.o(.text)
    TIM_ClearOC3Ref                          0x0800a879   Thumb Code    18  stm32f4xx_tim.o(.text)
    TIM_ClearOC4Ref                          0x0800a88b   Thumb Code    24  stm32f4xx_tim.o(.text)
    TIM_OC1PolarityConfig                    0x0800a8a3   Thumb Code    18  stm32f4xx_tim.o(.text)
    TIM_OC1NPolarityConfig                   0x0800a8b5   Thumb Code    18  stm32f4xx_tim.o(.text)
    TIM_OC2PolarityConfig                    0x0800a8c7   Thumb Code    26  stm32f4xx_tim.o(.text)
    TIM_OC2NPolarityConfig                   0x0800a8e1   Thumb Code    26  stm32f4xx_tim.o(.text)
    TIM_OC3PolarityConfig                    0x0800a8fb   Thumb Code    26  stm32f4xx_tim.o(.text)
    TIM_OC3NPolarityConfig                   0x0800a915   Thumb Code    26  stm32f4xx_tim.o(.text)
    TIM_OC4PolarityConfig                    0x0800a92f   Thumb Code    26  stm32f4xx_tim.o(.text)
    TIM_CCxCmd                               0x0800a949   Thumb Code    30  stm32f4xx_tim.o(.text)
    TIM_CCxNCmd                              0x0800a967   Thumb Code    30  stm32f4xx_tim.o(.text)
    TIM_SetIC4Prescaler                      0x0800a985   Thumb Code    26  stm32f4xx_tim.o(.text)
    TIM_SetIC3Prescaler                      0x0800a9ef   Thumb Code    18  stm32f4xx_tim.o(.text)
    TIM_SetIC2Prescaler                      0x0800aa49   Thumb Code    26  stm32f4xx_tim.o(.text)
    TIM_SetIC1Prescaler                      0x0800aabd   Thumb Code    18  stm32f4xx_tim.o(.text)
    TIM_ICInit                               0x0800ab09   Thumb Code   110  stm32f4xx_tim.o(.text)
    TIM_ICStructInit                         0x0800ab77   Thumb Code    18  stm32f4xx_tim.o(.text)
    TIM_PWMIConfig                           0x0800ab89   Thumb Code   124  stm32f4xx_tim.o(.text)
    TIM_GetCapture1                          0x0800ac05   Thumb Code     6  stm32f4xx_tim.o(.text)
    TIM_GetCapture2                          0x0800ac0b   Thumb Code     6  stm32f4xx_tim.o(.text)
    TIM_GetCapture3                          0x0800ac11   Thumb Code     6  stm32f4xx_tim.o(.text)
    TIM_GetCapture4                          0x0800ac17   Thumb Code     6  stm32f4xx_tim.o(.text)
    TIM_BDTRConfig                           0x0800ac1d   Thumb Code    32  stm32f4xx_tim.o(.text)
    TIM_BDTRStructInit                       0x0800ac3d   Thumb Code    18  stm32f4xx_tim.o(.text)
    TIM_CtrlPWMOutputs                       0x0800ac4f   Thumb Code    30  stm32f4xx_tim.o(.text)
    TIM_SelectCOM                            0x0800ac6d   Thumb Code    24  stm32f4xx_tim.o(.text)
    TIM_CCPreloadControl                     0x0800ac85   Thumb Code    24  stm32f4xx_tim.o(.text)
    TIM_ITConfig                             0x0800ac9d   Thumb Code    18  stm32f4xx_tim.o(.text)
    TIM_GenerateEvent                        0x0800acaf   Thumb Code     4  stm32f4xx_tim.o(.text)
    TIM_GetFlagStatus                        0x0800acb3   Thumb Code    18  stm32f4xx_tim.o(.text)
    TIM_ClearFlag                            0x0800acc5   Thumb Code     6  stm32f4xx_tim.o(.text)
    TIM_GetITStatus                          0x0800accb   Thumb Code    34  stm32f4xx_tim.o(.text)
    TIM_ClearITPendingBit                    0x0800aced   Thumb Code     6  stm32f4xx_tim.o(.text)
    TIM_DMAConfig                            0x0800acf3   Thumb Code    10  stm32f4xx_tim.o(.text)
    TIM_DMACmd                               0x0800acfd   Thumb Code    18  stm32f4xx_tim.o(.text)
    TIM_SelectCCDMA                          0x0800ad0f   Thumb Code    24  stm32f4xx_tim.o(.text)
    TIM_InternalClockConfig                  0x0800ad27   Thumb Code    12  stm32f4xx_tim.o(.text)
    TIM_SelectInputTrigger                   0x0800ad33   Thumb Code    18  stm32f4xx_tim.o(.text)
    TIM_ITRxExternalClockConfig              0x0800ad45   Thumb Code    24  stm32f4xx_tim.o(.text)
    TIM_TIxExternalClockConfig               0x0800ad5d   Thumb Code    62  stm32f4xx_tim.o(.text)
    TIM_ETRConfig                            0x0800ad9b   Thumb Code    28  stm32f4xx_tim.o(.text)
    TIM_ETRClockMode1Config                  0x0800adb7   Thumb Code    54  stm32f4xx_tim.o(.text)
    TIM_ETRClockMode2Config                  0x0800aded   Thumb Code    32  stm32f4xx_tim.o(.text)
    TIM_SelectOutputTrigger                  0x0800ae0d   Thumb Code    18  stm32f4xx_tim.o(.text)
    TIM_SelectSlaveMode                      0x0800ae1f   Thumb Code    18  stm32f4xx_tim.o(.text)
    TIM_SelectMasterSlaveMode                0x0800ae31   Thumb Code    18  stm32f4xx_tim.o(.text)
    TIM_EncoderInterfaceConfig               0x0800ae43   Thumb Code    66  stm32f4xx_tim.o(.text)
    TIM_SelectHallSensor                     0x0800ae85   Thumb Code    24  stm32f4xx_tim.o(.text)
    TIM_RemapConfig                          0x0800ae9d   Thumb Code     6  stm32f4xx_tim.o(.text)
    SPI_I2S_DeInit                           0x0800aea5   Thumb Code    76  stm32f4xx_spi.o(.text)
    SPI_Init                                 0x0800aef1   Thumb Code    60  stm32f4xx_spi.o(.text)
    I2S_Init                                 0x0800af2d   Thumb Code   346  stm32f4xx_spi.o(.text)
    SPI_StructInit                           0x0800b087   Thumb Code    24  stm32f4xx_spi.o(.text)
    I2S_StructInit                           0x0800b09f   Thumb Code    20  stm32f4xx_spi.o(.text)
    SPI_Cmd                                  0x0800b0b3   Thumb Code    24  stm32f4xx_spi.o(.text)
    I2S_Cmd                                  0x0800b0cb   Thumb Code    24  stm32f4xx_spi.o(.text)
    SPI_DataSizeConfig                       0x0800b0e3   Thumb Code    18  stm32f4xx_spi.o(.text)
    SPI_BiDirectionalLineConfig              0x0800b0f5   Thumb Code    28  stm32f4xx_spi.o(.text)
    SPI_NSSInternalSoftwareConfig            0x0800b111   Thumb Code    30  stm32f4xx_spi.o(.text)
    SPI_SSOutputCmd                          0x0800b12f   Thumb Code    24  stm32f4xx_spi.o(.text)
    SPI_TIModeCmd                            0x0800b147   Thumb Code    24  stm32f4xx_spi.o(.text)
    I2S_FullDuplexConfig                     0x0800b15f   Thumb Code    80  stm32f4xx_spi.o(.text)
    SPI_I2S_ReceiveData                      0x0800b1af   Thumb Code     6  stm32f4xx_spi.o(.text)
    SPI_I2S_SendData                         0x0800b1b5   Thumb Code     4  stm32f4xx_spi.o(.text)
    SPI_CalculateCRC                         0x0800b1b9   Thumb Code    24  stm32f4xx_spi.o(.text)
    SPI_TransmitCRC                          0x0800b1d1   Thumb Code    10  stm32f4xx_spi.o(.text)
    SPI_GetCRC                               0x0800b1db   Thumb Code    16  stm32f4xx_spi.o(.text)
    SPI_GetCRCPolynomial                     0x0800b1eb   Thumb Code     6  stm32f4xx_spi.o(.text)
    SPI_I2S_DMACmd                           0x0800b1f1   Thumb Code    18  stm32f4xx_spi.o(.text)
    SPI_I2S_ITConfig                         0x0800b203   Thumb Code    32  stm32f4xx_spi.o(.text)
    SPI_I2S_GetFlagStatus                    0x0800b223   Thumb Code    18  stm32f4xx_spi.o(.text)
    SPI_I2S_ClearFlag                        0x0800b235   Thumb Code     6  stm32f4xx_spi.o(.text)
    SPI_I2S_GetITStatus                      0x0800b23b   Thumb Code    52  stm32f4xx_spi.o(.text)
    SPI_I2S_ClearITPendingBit                0x0800b26f   Thumb Code    20  stm32f4xx_spi.o(.text)
    PWR_DeInit                               0x0800b299   Thumb Code    22  stm32f4xx_pwr.o(.text)
    PWR_BackupAccessCmd                      0x0800b2af   Thumb Code     6  stm32f4xx_pwr.o(.text)
    PWR_PVDLevelConfig                       0x0800b2b5   Thumb Code    18  stm32f4xx_pwr.o(.text)
    PWR_PVDCmd                               0x0800b2c7   Thumb Code     6  stm32f4xx_pwr.o(.text)
    PWR_WakeUpPinCmd                         0x0800b2cd   Thumb Code     6  stm32f4xx_pwr.o(.text)
    PWR_BackupRegulatorCmd                   0x0800b2d3   Thumb Code     6  stm32f4xx_pwr.o(.text)
    PWR_MainRegulatorModeConfig              0x0800b2d9   Thumb Code    30  stm32f4xx_pwr.o(.text)
    PWR_FlashPowerDownCmd                    0x0800b2f7   Thumb Code     6  stm32f4xx_pwr.o(.text)
    PWR_EnterSTOPMode                        0x0800b2fd   Thumb Code    54  stm32f4xx_pwr.o(.text)
    PWR_EnterSTANDBYMode                     0x0800b333   Thumb Code    42  stm32f4xx_pwr.o(.text)
    PWR_GetFlagStatus                        0x0800b35d   Thumb Code    20  stm32f4xx_pwr.o(.text)
    PWR_ClearFlag                            0x0800b371   Thumb Code    14  stm32f4xx_pwr.o(.text)
    Reset_Handler                            0x0800b395   Thumb Code     8  startup_stm32f4xx.o(.text)
    ADC_IRQHandler                           0x0800b3af   Thumb Code     0  startup_stm32f4xx.o(.text)
    CAN1_RX0_IRQHandler                      0x0800b3af   Thumb Code     0  startup_stm32f4xx.o(.text)
    CAN1_RX1_IRQHandler                      0x0800b3af   Thumb Code     0  startup_stm32f4xx.o(.text)
    CAN1_SCE_IRQHandler                      0x0800b3af   Thumb Code     0  startup_stm32f4xx.o(.text)
    CAN1_TX_IRQHandler                       0x0800b3af   Thumb Code     0  startup_stm32f4xx.o(.text)
    CAN2_RX0_IRQHandler                      0x0800b3af   Thumb Code     0  startup_stm32f4xx.o(.text)
    CAN2_RX1_IRQHandler                      0x0800b3af   Thumb Code     0  startup_stm32f4xx.o(.text)
    CAN2_SCE_IRQHandler                      0x0800b3af   Thumb Code     0  startup_stm32f4xx.o(.text)
    CAN2_TX_IRQHandler                       0x0800b3af   Thumb Code     0  startup_stm32f4xx.o(.text)
    CRYP_IRQHandler                          0x0800b3af   Thumb Code     0  startup_stm32f4xx.o(.text)
    DCMI_IRQHandler                          0x0800b3af   Thumb Code     0  startup_stm32f4xx.o(.text)
    DMA1_Stream0_IRQHandler                  0x0800b3af   Thumb Code     0  startup_stm32f4xx.o(.text)
    DMA1_Stream1_IRQHandler                  0x0800b3af   Thumb Code     0  startup_stm32f4xx.o(.text)
    DMA1_Stream2_IRQHandler                  0x0800b3af   Thumb Code     0  startup_stm32f4xx.o(.text)
    DMA1_Stream3_IRQHandler                  0x0800b3af   Thumb Code     0  startup_stm32f4xx.o(.text)
    DMA1_Stream4_IRQHandler                  0x0800b3af   Thumb Code     0  startup_stm32f4xx.o(.text)
    DMA1_Stream5_IRQHandler                  0x0800b3af   Thumb Code     0  startup_stm32f4xx.o(.text)
    DMA1_Stream6_IRQHandler                  0x0800b3af   Thumb Code     0  startup_stm32f4xx.o(.text)
    DMA1_Stream7_IRQHandler                  0x0800b3af   Thumb Code     0  startup_stm32f4xx.o(.text)
    DMA2_Stream0_IRQHandler                  0x0800b3af   Thumb Code     0  startup_stm32f4xx.o(.text)
    DMA2_Stream1_IRQHandler                  0x0800b3af   Thumb Code     0  startup_stm32f4xx.o(.text)
    DMA2_Stream2_IRQHandler                  0x0800b3af   Thumb Code     0  startup_stm32f4xx.o(.text)
    DMA2_Stream3_IRQHandler                  0x0800b3af   Thumb Code     0  startup_stm32f4xx.o(.text)
    DMA2_Stream4_IRQHandler                  0x0800b3af   Thumb Code     0  startup_stm32f4xx.o(.text)
    DMA2_Stream5_IRQHandler                  0x0800b3af   Thumb Code     0  startup_stm32f4xx.o(.text)
    DMA2_Stream6_IRQHandler                  0x0800b3af   Thumb Code     0  startup_stm32f4xx.o(.text)
    DMA2_Stream7_IRQHandler                  0x0800b3af   Thumb Code     0  startup_stm32f4xx.o(.text)
    ETH_IRQHandler                           0x0800b3af   Thumb Code     0  startup_stm32f4xx.o(.text)
    ETH_WKUP_IRQHandler                      0x0800b3af   Thumb Code     0  startup_stm32f4xx.o(.text)
    EXTI0_IRQHandler                         0x0800b3af   Thumb Code     0  startup_stm32f4xx.o(.text)
    EXTI15_10_IRQHandler                     0x0800b3af   Thumb Code     0  startup_stm32f4xx.o(.text)
    EXTI1_IRQHandler                         0x0800b3af   Thumb Code     0  startup_stm32f4xx.o(.text)
    EXTI2_IRQHandler                         0x0800b3af   Thumb Code     0  startup_stm32f4xx.o(.text)
    EXTI3_IRQHandler                         0x0800b3af   Thumb Code     0  startup_stm32f4xx.o(.text)
    EXTI4_IRQHandler                         0x0800b3af   Thumb Code     0  startup_stm32f4xx.o(.text)
    EXTI9_5_IRQHandler                       0x0800b3af   Thumb Code     0  startup_stm32f4xx.o(.text)
    FLASH_IRQHandler                         0x0800b3af   Thumb Code     0  startup_stm32f4xx.o(.text)
    FPU_IRQHandler                           0x0800b3af   Thumb Code     0  startup_stm32f4xx.o(.text)
    FSMC_IRQHandler                          0x0800b3af   Thumb Code     0  startup_stm32f4xx.o(.text)
    HASH_RNG_IRQHandler                      0x0800b3af   Thumb Code     0  startup_stm32f4xx.o(.text)
    I2C1_ER_IRQHandler                       0x0800b3af   Thumb Code     0  startup_stm32f4xx.o(.text)
    I2C1_EV_IRQHandler                       0x0800b3af   Thumb Code     0  startup_stm32f4xx.o(.text)
    I2C2_ER_IRQHandler                       0x0800b3af   Thumb Code     0  startup_stm32f4xx.o(.text)
    I2C2_EV_IRQHandler                       0x0800b3af   Thumb Code     0  startup_stm32f4xx.o(.text)
    I2C3_ER_IRQHandler                       0x0800b3af   Thumb Code     0  startup_stm32f4xx.o(.text)
    I2C3_EV_IRQHandler                       0x0800b3af   Thumb Code     0  startup_stm32f4xx.o(.text)
    OTG_FS_IRQHandler                        0x0800b3af   Thumb Code     0  startup_stm32f4xx.o(.text)
    OTG_FS_WKUP_IRQHandler                   0x0800b3af   Thumb Code     0  startup_stm32f4xx.o(.text)
    OTG_HS_EP1_IN_IRQHandler                 0x0800b3af   Thumb Code     0  startup_stm32f4xx.o(.text)
    OTG_HS_EP1_OUT_IRQHandler                0x0800b3af   Thumb Code     0  startup_stm32f4xx.o(.text)
    OTG_HS_IRQHandler                        0x0800b3af   Thumb Code     0  startup_stm32f4xx.o(.text)
    OTG_HS_WKUP_IRQHandler                   0x0800b3af   Thumb Code     0  startup_stm32f4xx.o(.text)
    PVD_IRQHandler                           0x0800b3af   Thumb Code     0  startup_stm32f4xx.o(.text)
    RCC_IRQHandler                           0x0800b3af   Thumb Code     0  startup_stm32f4xx.o(.text)
    RTC_Alarm_IRQHandler                     0x0800b3af   Thumb Code     0  startup_stm32f4xx.o(.text)
    RTC_WKUP_IRQHandler                      0x0800b3af   Thumb Code     0  startup_stm32f4xx.o(.text)
    SDIO_IRQHandler                          0x0800b3af   Thumb Code     0  startup_stm32f4xx.o(.text)
    SPI1_IRQHandler                          0x0800b3af   Thumb Code     0  startup_stm32f4xx.o(.text)
    SPI2_IRQHandler                          0x0800b3af   Thumb Code     0  startup_stm32f4xx.o(.text)
    SPI3_IRQHandler                          0x0800b3af   Thumb Code     0  startup_stm32f4xx.o(.text)
    TAMP_STAMP_IRQHandler                    0x0800b3af   Thumb Code     0  startup_stm32f4xx.o(.text)
    TIM1_BRK_TIM9_IRQHandler                 0x0800b3af   Thumb Code     0  startup_stm32f4xx.o(.text)
    TIM1_CC_IRQHandler                       0x0800b3af   Thumb Code     0  startup_stm32f4xx.o(.text)
    TIM1_TRG_COM_TIM11_IRQHandler            0x0800b3af   Thumb Code     0  startup_stm32f4xx.o(.text)
    TIM1_UP_TIM10_IRQHandler                 0x0800b3af   Thumb Code     0  startup_stm32f4xx.o(.text)
    TIM3_IRQHandler                          0x0800b3af   Thumb Code     0  startup_stm32f4xx.o(.text)
    TIM4_IRQHandler                          0x0800b3af   Thumb Code     0  startup_stm32f4xx.o(.text)
    TIM5_IRQHandler                          0x0800b3af   Thumb Code     0  startup_stm32f4xx.o(.text)
    TIM6_DAC_IRQHandler                      0x0800b3af   Thumb Code     0  startup_stm32f4xx.o(.text)
    TIM7_IRQHandler                          0x0800b3af   Thumb Code     0  startup_stm32f4xx.o(.text)
    TIM8_BRK_TIM12_IRQHandler                0x0800b3af   Thumb Code     0  startup_stm32f4xx.o(.text)
    TIM8_CC_IRQHandler                       0x0800b3af   Thumb Code     0  startup_stm32f4xx.o(.text)
    TIM8_TRG_COM_TIM14_IRQHandler            0x0800b3af   Thumb Code     0  startup_stm32f4xx.o(.text)
    TIM8_UP_TIM13_IRQHandler                 0x0800b3af   Thumb Code     0  startup_stm32f4xx.o(.text)
    USART1_IRQHandler                        0x0800b3af   Thumb Code     0  startup_stm32f4xx.o(.text)
    USART2_IRQHandler                        0x0800b3af   Thumb Code     0  startup_stm32f4xx.o(.text)
    USART6_IRQHandler                        0x0800b3af   Thumb Code     0  startup_stm32f4xx.o(.text)
    WWDG_IRQHandler                          0x0800b3af   Thumb Code     0  startup_stm32f4xx.o(.text)
    SystemInit                               0x0800b493   Thumb Code    74  system_stm32f4xx.o(.text)
    SystemCoreClockUpdate                    0x0800b4dd   Thumb Code   174  system_stm32f4xx.o(.text)
    __aeabi_ldivmod                          0x0800b5b9   Thumb Code    90  ldiv.o(.text)
    __aeabi_memcpy                           0x0800b613   Thumb Code    36  memcpya.o(.text)
    __aeabi_memcpy4                          0x0800b613   Thumb Code     0  memcpya.o(.text)
    __aeabi_memcpy8                          0x0800b613   Thumb Code     0  memcpya.o(.text)
    __aeabi_memset                           0x0800b637   Thumb Code    14  memseta.o(.text)
    __aeabi_memset4                          0x0800b637   Thumb Code     0  memseta.o(.text)
    __aeabi_memset8                          0x0800b637   Thumb Code     0  memseta.o(.text)
    __aeabi_memclr                           0x0800b645   Thumb Code     4  memseta.o(.text)
    __aeabi_memclr4                          0x0800b645   Thumb Code     0  memseta.o(.text)
    __aeabi_memclr8                          0x0800b645   Thumb Code     0  memseta.o(.text)
    _memset$wrapper                          0x0800b649   Thumb Code    18  memseta.o(.text)
    strcat                                   0x0800b65b   Thumb Code    24  strcat.o(.text)
    __aeabi_uldivmod                         0x0800b673   Thumb Code    98  uldiv.o(.text)
    __scatterload                            0x0800b6d5   Thumb Code    28  init.o(.text)
    __scatterload_rt2                        0x0800b6d5   Thumb Code     0  init.o(.text)
    __aeabi_llsl                             0x0800b6f9   Thumb Code    30  llshl.o(.text)
    _ll_shift_l                              0x0800b6f9   Thumb Code     0  llshl.o(.text)
    __aeabi_llsr                             0x0800b717   Thumb Code    32  llushr.o(.text)
    _ll_ushift_r                             0x0800b717   Thumb Code     0  llushr.o(.text)
    __decompress                             0x0800b737   Thumb Code     0  __dczerorl2.o(.text)
    __decompress1                            0x0800b737   Thumb Code    92  __dczerorl2.o(.text)
    __0printf$5                              0x0800b795   Thumb Code    22  printf5.o(i.__0printf$5)
    __1printf$5                              0x0800b795   Thumb Code     0  printf5.o(i.__0printf$5)
    __2printf                                0x0800b795   Thumb Code     0  printf5.o(i.__0printf$5)
    __scatterload_copy                       0x0800b7b5   Thumb Code    14  handlers.o(i.__scatterload_copy)
    __scatterload_null                       0x0800b7c3   Thumb Code     2  handlers.o(i.__scatterload_null)
    __scatterload_zeroinit                   0x0800b7c5   Thumb Code    14  handlers.o(i.__scatterload_zeroinit)
    price_1st                                0x0800ba94   Data           1  serialscreen.o(.constdata)
    price_2nd                                0x0800ba95   Data           1  serialscreen.o(.constdata)
    price_3rd                                0x0800ba96   Data           1  serialscreen.o(.constdata)
    price_4th                                0x0800ba97   Data           1  serialscreen.o(.constdata)
    meat_name                                0x0800ba98   Data          12  serialscreen.o(.constdata)
    chicken_name                             0x0800baa4   Data          10  serialscreen.o(.constdata)
    duck_name                                0x0800baae   Data          10  serialscreen.o(.constdata)
    fish_name                                0x0800bab8   Data          10  serialscreen.o(.constdata)
    RegisterWrite                            0x0800bac2   Data           7  serialscreen.o(.constdata)
    RegisterRead                             0x0800bac9   Data           6  serialscreen.o(.constdata)
    VariableWrite                            0x0800bacf   Data           8  serialscreen.o(.constdata)
    VariableRead                             0x0800bad7   Data           7  serialscreen.o(.constdata)
    Region$$Table$$Base                      0x0800c034   Number         0  anon$$obj.o(Region$$Table)
    Region$$Table$$Limit                     0x0800c054   Number         0  anon$$obj.o(Region$$Table)
    TimerFlag                                0x20000000   Data           1  stm32f4xx_it.o(.data)
    Floor                                    0x20000002   Data           1  serialscreen.o(.data)
    meat_cnt_t                               0x20000003   Data           1  serialscreen.o(.data)
    chicken_cnt_t                            0x20000004   Data           1  serialscreen.o(.data)
    duck_cnt_t                               0x20000005   Data           1  serialscreen.o(.data)
    fish_cnt_t                               0x20000006   Data           1  serialscreen.o(.data)
    PassWordLen                              0x20000007   Data           1  serialscreen.o(.data)
    PassWord                                 0x20000008   Data           6  serialscreen.o(.data)
    InputPassWord                            0x2000000e   Data           6  serialscreen.o(.data)
    myunion                                  0x20000014   Data           2  serialscreen.o(.data)
    F_RX1_Right                              0x20000018   Data           1  uart5.o(.data)
    rx1BufIndex                              0x2000001a   Data           2  uart5.o(.data)
    F_RX1_SYNC                               0x2000001c   Data           1  uart5.o(.data)
    F_RX1_VAILD                              0x2000001d   Data           1  uart5.o(.data)
    rx1DataLen                               0x20000020   Data           4  uart5.o(.data)
    CrcValue                                 0x20000024   Data           4  uart5.o(.data)
    UART_InpLen                              0x20000028   Data           1  uart3.o(.data)
    RX_IndexR                                0x2000002c   Data           4  uart3.o(.data)
    RX_IndexW                                0x20000030   Data           4  uart3.o(.data)
    SD_Type                                  0x20000034   Data           1  mmc_sd.o(.data)
    r                                        0x20000038   Data           4  sd.o(.data)
    is_init                                  0x20000040   Data           1  sd.o(.data)
    res                                      0x20000041   Data           1  sd.o(.data)
    br                                       0x20000044   Data           4  sd.o(.data)
    bw                                       0x20000048   Data           4  sd.o(.data)
    tmp_hh                                   0x20000054   Data           4  rtc.o(.data)
    tmp_mm                                   0x20000058   Data           4  rtc.o(.data)
    tmp_ss                                   0x2000005c   Data           4  rtc.o(.data)
    tmp_yy                                   0x20000060   Data           4  rtc.o(.data)
    tmp_m2                                   0x20000064   Data           4  rtc.o(.data)
    tmp_dd                                   0x20000068   Data           4  rtc.o(.data)
    tmp_ww                                   0x2000006c   Data           4  rtc.o(.data)
    TimeDate                                 0x20000070   Data           7  rtc.o(.data)
    ntime                                    0x20000080   Data           2  delay.o(.data)
    Tx_Buffer                                0x20000082   Data         114  spi_flash.o(.data)
    TransferStatus1                          0x200000f4   Data           1  spi_flash.o(.data)
    TransferStatus2                          0x200000f5   Data           1  spi_flash.o(.data)
    Index                                    0x200000f6   Data           2  spi_flash.o(.data)
    WaitTime                                 0x200000f8   Data           1  msghandle.o(.data)
    CurFloor                                 0x200000f9   Data           6  msghandle.o(.data)
    TID                                      0x20000104   Data           7  network_handle.o(.data)
    BRWN                                     0x2000010b   Data          10  network_handle.o(.data)
    BNO                                      0x20000115   Data           6  network_handle.o(.data)
    DeviceArea                               0x2000011b   Data           6  network_handle.o(.data)
    DeviceAreaNO                             0x20000121   Data           7  network_handle.o(.data)
    DeviceStatus                             0x20000128   Data           5  network_handle.o(.data)
    DealData                                 0x2000012d   Data           7  network_handle.o(.data)
    DealTime                                 0x20000134   Data           6  network_handle.o(.data)
    MAC                                      0x2000013a   Data          11  network_handle.o(.data)
    DealBalance                              0x20000145   Data           9  network_handle.o(.data)
    MealID                                   0x2000014e   Data           7  network_handle.o(.data)
    MealNO                                   0x20000155   Data           4  network_handle.o(.data)
    MealName                                 0x20000159   Data          23  network_handle.o(.data)
    MealPrice                                0x20000170   Data           9  network_handle.o(.data)
    PayType                                  0x20000179   Data           4  network_handle.o(.data)
    Change                                   0x2000017d   Data           9  network_handle.o(.data)
    RemainMealNum                            0x20000186   Data           5  network_handle.o(.data)
    MName                                    0x2000018b   Data          23  network_handle.o(.data)
    APPVersion                               0x200001a2   Data          11  network_handle.o(.data)
    ParaFileVersion                          0x200001ad   Data          11  network_handle.o(.data)
    BDataFileVersion                         0x200001b8   Data          11  network_handle.o(.data)
    ChechStatus                              0x200001c3   Data           5  network_handle.o(.data)
    MID                                      0x200001c8   Data           6  network_handle.o(.data)
    TTCount                                  0x200001ce   Data           5  network_handle.o(.data)
    TNCT                                     0x200001d3   Data           9  network_handle.o(.data)
    TNtype                                   0x200001dc   Data           5  network_handle.o(.data)
    TotalChange                              0x200001e1   Data           9  network_handle.o(.data)
    Meal                                     0x200001ea   Data         306  network_handle.o(.data)
    MealGroup                                0x2000031c   Data         324  network_handle.o(.data)
    UpdataFlag                               0x20000460   Data           4  network_handle.o(.data)
    ACK                                      0x20000464   Data           3  network_handle.o(.data)
    PrintInitCmd                             0x20000467   Data           2  printer.o(.data)
    SetEntryPrintCHinese                     0x20000469   Data           2  printer.o(.data)
    PrintMessage0                            0x2000046b   Data          32  printer.o(.data)
    PrintMessage1                            0x2000048b   Data          32  printer.o(.data)
    PrintMessagename0                        0x200004ab   Data          32  printer.o(.data)
    PrintMessagename1                        0x200004cb   Data          32  printer.o(.data)
    PrintMessagename2                        0x200004eb   Data          32  printer.o(.data)
    PrintMessagename3                        0x2000050b   Data          32  printer.o(.data)
    PrintMessage2                            0x2000052b   Data          33  printer.o(.data)
    PrintMessage3                            0x2000054c   Data          33  printer.o(.data)
    PrintMessage4                            0x2000056d   Data          33  printer.o(.data)
    PrintMessage5                            0x2000058e   Data          33  printer.o(.data)
    PrintMessage6                            0x200005af   Data          33  printer.o(.data)
    PrintMessage7                            0x200005d0   Data          33  printer.o(.data)
    PrintMessage8                            0x200005f1   Data          33  printer.o(.data)
    PrintIndex                               0x20000612   Data           1  printer.o(.data)
    Line                                     0x20000614   Data           1  bsp.o(.data)
    Column                                   0x20000615   Data           1  bsp.o(.data)
    CurrentPoint                             0x20000616   Data           1  bsp.o(.data)
    UserPayMoney                             0x20000617   Data           1  bsp.o(.data)
    Balance                                  0x2000062e   Data           2  bsp.o(.data)
    DisplayTimes                             0x20000631   Data           1  bsp.o(.data)
    CmdNum                                   0x20000632   Data           1  bill.o(.data)
    BillStatus                               0x20000633   Data           1  bill.o(.data)
    BillRunStatus                            0x20000634   Data           1  bill.o(.data)
    Rev_Money_Flag                           0x20000635   Data           1  bill.o(.data)
    rx4DataLen                               0x20000636   Data           1  uart4.o(.data)
    BillDataBuffer                           0x20000637   Data           8  uart4.o(.data)
    rx4ack                                   0x2000063f   Data           1  uart4.o(.data)
    rx4Check                                 0x20000640   Data           1  uart4.o(.data)
    SystemCoreClock                          0x2000065c   Data           4  system_stm32f4xx.o(.data)
    AHBPrescTable                            0x20000660   Data          16  system_stm32f4xx.o(.data)
    __stdout                                 0x20000670   Data           4  stdout.o(.data)
    DispMeal                                 0x20000674   Data          12  serialscreen.o(.bss)
    rx1Buf                                   0x20000680   Data         512  uart5.o(.bss)
    RX3_BUFF                                 0x20000880   Data         200  uart3.o(.bss)
    Buffer                                   0x20000948   Data        1024  sd.o(.bss)
    f_name                                   0x20000d48   Data          12  sd.o(.bss)
    fs                                       0x20000d54   Data         564  sd.o(.bss)
    fileInfo                                 0x20000f88   Data          32  sd.o(.bss)
    dir                                      0x20000fa8   Data          36  sd.o(.bss)
    fsrc                                     0x20000fcc   Data         548  sd.o(.bss)
    Rx_Buffer                                0x2000120c   Data         113  spi_flash.o(.bss)
    DefineMeal                               0x2000127e   Data         188  msghandle.o(.bss)
    FloorMeal                                0x2000133a   Data          90  msghandle.o(.bss)
    UserAct                                  0x20001394   Data          32  msghandle.o(.bss)
    FloorMealMessageWriteToFlash             0x200013b4   Data          90  msghandle.o(.bss)
    WordKeyCipher                            0x2000140e   Data          11  network_handle.o(.bss)
    ReturnData                               0x20001419   Data         317  network_handle.o(.bss)
    CustomerSel                              0x20001556   Data          27  network_handle.o(.bss)
    PrintBuf                                 0x20001571   Data          10  printer.o(.bss)
    Print_Struct                             0x2000157b   Data           9  printer.o(.bss)
    Record_buffer                            0x20001584   Data        1024  bsp.o(.bss)
    RX4Buffer                                0x20001984   Data          40  uart4.o(.bss)
    __initial_sp                             0x20001fb0   Data           0  startup_stm32f4xx.o(STACK)



==============================================================================

Memory Map of the image

  Image Entry point : 0x08000189

  Load Region LR_IROM1 (Base: 0x08000000, Size: 0x0000c6c8, Max: 0x00100000, ABSOLUTE, COMPRESSED[0x0000c328])

    Execution Region ER_IROM1 (Base: 0x08000000, Size: 0x0000c054, Max: 0x00100000, ABSOLUTE)

    Base Addr    Size         Type   Attr      Idx    E Section Name        Object

    0x08000000   0x00000188   Data   RO         1324    RESET               startup_stm32f4xx.o
    0x08000188   0x00000000   Code   RO         1355  * .ARM.Collect$$$$00000000  mc_w.l(entry.o)
    0x08000188   0x00000004   Code   RO         1629    .ARM.Collect$$$$00000001  mc_w.l(entry2.o)
    0x0800018c   0x00000004   Code   RO         1632    .ARM.Collect$$$$00000004  mc_w.l(entry5.o)
    0x08000190   0x00000000   Code   RO         1634    .ARM.Collect$$$$00000008  mc_w.l(entry7b.o)
    0x08000190   0x00000000   Code   RO         1636    .ARM.Collect$$$$0000000A  mc_w.l(entry8b.o)
    0x08000190   0x00000008   Code   RO         1637    .ARM.Collect$$$$0000000B  mc_w.l(entry9a.o)
    0x08000198   0x00000000   Code   RO         1639    .ARM.Collect$$$$0000000D  mc_w.l(entry10a.o)
    0x08000198   0x00000000   Code   RO         1641    .ARM.Collect$$$$0000000F  mc_w.l(entry11a.o)
    0x08000198   0x00000004   Code   RO         1630    .ARM.Collect$$$$00002712  mc_w.l(entry2.o)
    0x0800019c   0x00000032   Code   RO            3    .text               test_lcd.o
    0x080001ce   0x00000002   PAD
    0x080001d0   0x0000004c   Code   RO          199    .text               stm32f4xx_it.o
    0x0800021c   0x00000d90   Code   RO          226    .text               serialscreen.o
    0x08000fac   0x0000026c   Code   RO          258    .text               uart5.o
    0x08001218   0x000001c4   Code   RO          282    .text               uart3.o
    0x080013dc   0x000004f0   Code   RO          306    .text               mmc_sd.o
    0x080018cc   0x00000610   Code   RO          332    .text               sd.o
    0x08001edc   0x000001f8   Code   RO          359    .text               rtc.o
    0x080020d4   0x000000a8   Code   RO          389    .text               delay.o
    0x0800217c   0x000007e4   Code   RO          416    .text               spi_flash.o
    0x08002960   0x00000554   Code   RO          444    .text               msghandle.o
    0x08002eb4   0x00001b08   Code   RO          471    .text               network_handle.o
    0x080049bc   0x00000860   Code   RO          500    .text               printer.o
    0x0800521c   0x00000108   Code   RO          528    .text               uart1.o
    0x08005324   0x000005f4   Code   RO          548    .text               bsp.o
    0x08005918   0x000002c0   Code   RO          596    .text               bill.o
    0x08005bd8   0x00000138   Code   RO          623    .text               uart4.o
    0x08005d10   0x000000ec   Code   RO          650    .text               diskio.o
    0x08005dfc   0x00002970   Code   RO          675    .text               ff.o
    0x0800876c   0x00000080   Code   RO          697    .text               ccsbcs.o
    0x080087ec   0x000000e4   Code   RO          722    .text               misc.o
    0x080088d0   0x0000025c   Code   RO          762    .text               stm32f4xx_gpio.o
    0x08008b2c   0x00000588   Code   RO          802    .text               stm32f4xx_rcc.o
    0x080090b4   0x00000d30   Code   RO          824    .text               stm32f4xx_rtc.o
    0x08009de4   0x0000041a   Code   RO          864    .text               stm32f4xx_usart.o
    0x0800a1fe   0x00000002   PAD
    0x0800a200   0x00000ca2   Code   RO          904    .text               stm32f4xx_tim.o
    0x0800aea2   0x00000002   PAD
    0x0800aea4   0x000003f4   Code   RO         1284    .text               stm32f4xx_spi.o
    0x0800b298   0x000000fc   Code   RO         1304    .text               stm32f4xx_pwr.o
    0x0800b394   0x00000024   Code   RO         1325    .text               startup_stm32f4xx.o
    0x0800b3b8   0x00000200   Code   RO         1331    .text               system_stm32f4xx.o
    0x0800b5b8   0x0000005a   Code   RO         1358    .text               mc_w.l(ldiv.o)
    0x0800b612   0x00000024   Code   RO         1360    .text               mc_w.l(memcpya.o)
    0x0800b636   0x00000024   Code   RO         1362    .text               mc_w.l(memseta.o)
    0x0800b65a   0x00000018   Code   RO         1364    .text               mc_w.l(strcat.o)
    0x0800b672   0x00000062   Code   RO         1646    .text               mc_w.l(uldiv.o)
    0x0800b6d4   0x00000024   Code   RO         1659    .text               mc_w.l(init.o)
    0x0800b6f8   0x0000001e   Code   RO         1661    .text               mc_w.l(llshl.o)
    0x0800b716   0x00000020   Code   RO         1663    .text               mc_w.l(llushr.o)
    0x0800b736   0x0000005c   Code   RO         1677    .text               mc_w.l(__dczerorl2.o)
    0x0800b792   0x00000002   PAD
    0x0800b794   0x00000020   Code   RO         1501    i.__0printf$5       mc_w.l(printf5.o)
    0x0800b7b4   0x0000000e   Code   RO         1671    i.__scatterload_copy  mc_w.l(handlers.o)
    0x0800b7c2   0x00000002   Code   RO         1672    i.__scatterload_null  mc_w.l(handlers.o)
    0x0800b7c4   0x0000000e   Code   RO         1673    i.__scatterload_zeroinit  mc_w.l(handlers.o)
    0x0800b7d2   0x00000002   PAD
    0x0800b7d4   0x000002c0   Code   RO         1508    i._printf_core      mc_w.l(printf5.o)
    0x0800ba94   0x0000004a   Data   RO          228    .constdata          serialscreen.o
    0x0800bade   0x00000002   PAD
    0x0800bae0   0x00000004   Data   RO          473    .constdata          network_handle.o
    0x0800bae4   0x0000008d   Data   RO          677    .constdata          ff.o
    0x0800bb71   0x00000001   PAD
    0x0800bb72   0x000004c0   Data   RO          698    .constdata          ccsbcs.o
    0x0800c032   0x00000002   PAD
    0x0800c034   0x00000020   Data   RO         1669    Region$$Table       anon$$obj.o


    Execution Region RW_IRAM1 (Base: 0x20000000, Size: 0x00001fb0, Max: 0x00020000, ABSOLUTE, COMPRESSED[0x000002d4])

    Base Addr    Size         Type   Attr      Idx    E Section Name        Object

    0x20000000   0x00000001   Data   RW          200    .data               stm32f4xx_it.o
    0x20000001   0x00000001   PAD
    0x20000002   0x00000014   Data   RW          229    .data               serialscreen.o
    0x20000016   0x00000002   PAD
    0x20000018   0x00000010   Data   RW          260    .data               uart5.o
    0x20000028   0x0000000c   Data   RW          284    .data               uart3.o
    0x20000034   0x00000001   Data   RW          307    .data               mmc_sd.o
    0x20000035   0x00000003   PAD
    0x20000038   0x00000014   Data   RW          334    .data               sd.o
    0x2000004c   0x00000033   Data   RW          361    .data               rtc.o
    0x2000007f   0x00000001   PAD
    0x20000080   0x00000002   Data   RW          390    .data               delay.o
    0x20000082   0x00000076   Data   RW          418    .data               spi_flash.o
    0x200000f8   0x00000007   Data   RW          446    .data               msghandle.o
    0x200000ff   0x00000001   PAD
    0x20000100   0x00000367   Data   RW          474    .data               network_handle.o
    0x20000467   0x000001ac   Data   RW          503    .data               printer.o
    0x20000613   0x00000001   PAD
    0x20000614   0x0000001e   Data   RW          550    .data               bsp.o
    0x20000632   0x00000004   Data   RW          597    .data               bill.o
    0x20000636   0x0000000b   Data   RW          625    .data               uart4.o
    0x20000641   0x00000003   PAD
    0x20000644   0x00000007   Data   RW          678    .data               ff.o
    0x2000064b   0x00000010   Data   RW          803    .data               stm32f4xx_rcc.o
    0x2000065b   0x00000001   PAD
    0x2000065c   0x00000014   Data   RW         1332    .data               system_stm32f4xx.o
    0x20000670   0x00000004   Data   RW         1643    .data               mc_w.l(stdout.o)
    0x20000674   0x0000000c   Zero   RW          227    .bss                serialscreen.o
    0x20000680   0x00000200   Zero   RW          259    .bss                uart5.o
    0x20000880   0x000000c8   Zero   RW          283    .bss                uart3.o
    0x20000948   0x000008a8   Zero   RW          333    .bss                sd.o
    0x200011f0   0x0000001c   Zero   RW          360    .bss                rtc.o
    0x2000120c   0x00000071   Zero   RW          417    .bss                spi_flash.o
    0x2000127d   0x00000001   PAD
    0x2000127e   0x00000190   Zero   RW          445    .bss                msghandle.o
    0x2000140e   0x00000163   Zero   RW          472    .bss                network_handle.o
    0x20001571   0x00000013   Zero   RW          501    .bss                printer.o
    0x20001584   0x00000400   Zero   RW          549    .bss                bsp.o
    0x20001984   0x00000028   Zero   RW          624    .bss                uart4.o
    0x200019ac   0x00000200   Zero   RW          676    .bss                ff.o
    0x20001bac   0x00000004   PAD
    0x20001bb0   0x00000400   Zero   RW         1322    STACK               startup_stm32f4xx.o


==============================================================================

Image component sizes


      Code (inc. data)   RO Data    RW Data    ZI Data      Debug   Object Name

       704         40          0          4          0       2565   bill.o
      1524        110          0         30       1024       3580   bsp.o
       128         12       1216          0          0       2037   ccsbcs.o
       168         18          0          2          0      28097   delay.o
       236          4          0          0          0       2406   diskio.o
     10608         76        141          7        512      31457   ff.o
       228         22          0          0          0       1889   misc.o
      1264         18          0          1          0       5421   mmc_sd.o
      1364         50          0          7        400       3428   msghandle.o
      6920        458          4        871        355      15032   network_handle.o
      2144        394          0        428         19       4107   printer.o
       504         68          0         51         28       2743   rtc.o
      1552         82          0         20       2216       4489   sd.o
      3472        132         74         20         12       7096   serialscreen.o
      2020        382          0        118        113       6820   spi_flash.o
        36          8        392          0       1024        860   startup_stm32f4xx.o
       604         36          0          0          0       3989   stm32f4xx_gpio.o
        76          8          0          1          0       1638   stm32f4xx_it.o
       252         22          0          0          0       2448   stm32f4xx_pwr.o
      1416         48          0         16          0      10947   stm32f4xx_rcc.o
      3376         40          0          0          0      14860   stm32f4xx_rtc.o
      1012         22          0          0          0       6685   stm32f4xx_spi.o
      3234         60          0          0          0      22224   stm32f4xx_tim.o
      1050         26          0          0          0       7696   stm32f4xx_usart.o
       512         46          0         20          0       1907   system_stm32f4xx.o
        50          0          0          0          0     289177   test_lcd.o
       264         10          0          0          0       1058   uart1.o
       452         24          0         12        200       2988   uart3.o
       312         24          0         11         40       1627   uart4.o
       620         42          0         16        512       2185   uart5.o

    ----------------------------------------------------------------------
     46108       2282       1864       1648       6460     491456   Object Totals
         0          0         32          0          0          0   (incl. Generated)
         6          0          5         13          5          0   (incl. Padding)

    ----------------------------------------------------------------------

      Code (inc. data)   RO Data    RW Data    ZI Data      Debug   Library Member Name

        92          0          0          0          0          0   __dczerorl2.o
         0          0          0          0          0          0   entry.o
         0          0          0          0          0          0   entry10a.o
         0          0          0          0          0          0   entry11a.o
         8          4          0          0          0          0   entry2.o
         4          0          0          0          0          0   entry5.o
         0          0          0          0          0          0   entry7b.o
         0          0          0          0          0          0   entry8b.o
         8          4          0          0          0          0   entry9a.o
        30          0          0          0          0          0   handlers.o
        36          8          0          0          0         68   init.o
        90          0          0          0          0         84   ldiv.o
        30          0          0          0          0         68   llshl.o
        32          0          0          0          0         68   llushr.o
        36          0          0          0          0         68   memcpya.o
        36          0          0          0          0        108   memseta.o
       736         56          0          0          0        184   printf5.o
         0          0          0          4          0          0   stdout.o
        24          0          0          0          0         68   strcat.o
        98          0          0          0          0         92   uldiv.o

    ----------------------------------------------------------------------
      1264         72          0          4          0        808   Library Totals
         4          0          0          0          0          0   (incl. Padding)

    ----------------------------------------------------------------------

      Code (inc. data)   RO Data    RW Data    ZI Data      Debug   Library Name

      1260         72          0          4          0        808   mc_w.l

    ----------------------------------------------------------------------
      1264         72          0          4          0        808   Library Totals

    ----------------------------------------------------------------------

==============================================================================


      Code (inc. data)   RO Data    RW Data    ZI Data      Debug   

     47372       2354       1864       1652       6460     488832   Grand Totals
     47372       2354       1864        724       6460     488832   ELF Image Totals (compressed)
     47372       2354       1864        724          0          0   ROM Totals

==============================================================================

    Total RO  Size (Code + RO Data)                49236 (  48.08kB)
    Total RW  Size (RW Data + ZI Data)              8112 (   7.92kB)
    Total ROM Size (Code + RO Data + RW Data)      49960 (  48.79kB)

==============================================================================

