<html>
<body>
<pre>
<h1>礦ision Build Log</h1>
<h2>Project:</h2>
C:\Users\jackey\Documents\GitHub\STM32_DGUS\STM32_Demo\projects\test\mdk\lcd_test.uvproj
Project File Date:  04/08/2014

<h2>Output:</h2>
Build target 'lcd_test'
compiling Mini_hopper.c...
linking...
Program Size: Code=47348 RO-data=1864 RW-data=1652 ZI-data=6460  
".\debug\lcd_test.axf" - 0 Error(s), 0 Warning(s).
</pre>
</body>
</html>
es\mini_hopper\Mini_hopper.c: 1 warning, 0 errors
linking...
Program Size: Code=47348 RO-data=1864 RW-data=1652 ZI-data=6460  
".\debug\lcd_test.axf" - 0 Error(s), 1 Warning(s).
citly
                   if(StringToHexGroup(BillDataBuffer, RX4Buffer, rx4DataLen)) //转换数组
..\stm32f4xx_it.c(198): error:  #20: identifier "rx4Check" is undefined
                     rx4Check  = 1 ;  //
..\stm32f4xx_it.c(203): warning:  #223-D: function "memset" declared implicitly
            memset(RX4Buffer,0,rx4DataLen);                              
..\stm32f4xx_it.c: 2 warnings, 3 errors
compiling serialscreen.c...
..\..\..\utilities\serialscreen\serialscreen.c(860): warning:  #550-D: variable "RegisterAdress" was set but never used
        char RegisterAdress=0;
..\..\..\utilities\serialscreen\serialscreen.c(863): warning:  #550-D: variable "RegisterData" was set but never used
        char RegisterData[5]={0};  //寄存器数据数组
..\..\..\utilities\serialscreen\serialscreen.c: 2 warnings, 0 errors
compiling sd.c...
..\..\..\utilities\sd\sd.c(297): warning:  #167-D: argument of type "unsigned char *" is incompatible with parameter of type "const TCHAR *"
      res = f_open(&fsrc,f_name,FA_OPEN_ALWAYS|FA_WRITE );
..\..\..\utilities\sd\sd.c(354): warning:  #117-D: non-void function "Fread" should return a value
                return ;
..\..\..\utilities\sd\sd.c(361): warning:  #167-D: argument of type "unsigned char *" is incompatible with parameter of type "const TCHAR *"
       res = f_open(&fsrc,f_name,FA_OPEN_EXISTING|FA_READ |FA_WRITE);
..\..\..\utilities\sd\sd.c(345): warning:  #550-D: variable "Lenght" was set but never used
          uint16_t  Lenght = 0 ;
..\..\..\utilities\sd\sd.c(575): warning:  #167-D: argument of type "unsigned char *" is incompatible with parameter of type "const TCHAR *"
                                f_unlink(f_name);
..\..\..\utilities\sd\sd.c: 5 warnings, 0 errors
compiling MsgHandle.c...
..\..\..\utilities\LedMsgHandle\MsgHandle.c(192): warning:  #1-D: last line of file ends without a newline
  }
..\..\..\utilities\LedMsgHandle\MsgHandle.c: 1 warning, 0 errors
compiling printer.c...
..\..\..\utilities\printer\printer.c(79): warning:  #940-D: missing return statement at end of non-void function "CheckPrintStatus"
  }
..\..\..\utilities\printer\printer.c(235): warning:  #1-D: last line of file ends without a newline
  }
..\..\..\utilities\printer\printer.c: 2 warnings, 0 errors
compiling bsp.c...
..\..\..\utilities\bsp\bsp.c(208): warning:  #111-D: statement is unreachable
                }break;
..\..\..\utilities\bsp\bsp.c(89): warning:  #177-D: variable "PicNumber" was declared but never referenced
    uint8_t PicNumber;
..\..\..\utilities\bsp\bsp.c(92): warning:  #177-D: variable "times" was declared but never referenced
        unsigned char times = 10 ;
..\..\..\utilities\bsp\bsp.c(93): warning:  #177-D: variable "Status" was declared but never referenced
        unsigned char Status = 0;
..\..\..\utilities\bsp\bsp.c(27): warning:  #550-D: variable "IsCard" was set but never used
   static     uint8_t IsCard    ;
..\..\..\utilities\bsp\bsp.c: 5 warnings, 0 errors
compiling coin.c...
compiling bill.c...
compiling uart4.c...
".\debug\lcd_test.axf" - 3 Error(s), 17 Warning(s).
Target not created
